
Optional file libmchp_peripheral.a not found

Optional file libmchp_peripheral_32MX795F512L.a not found
Archive member included because of file (symbol)

c:/program files (x86)/microchip/xc32/v1.40/bin/bin/../../lib/gcc/pic32mx/4.8.3/../../../../pic32mx/lib\libpic32.a(memcpy.o)
                              build/default/production/_ext/826578691/queue.o (memcpy)
c:/program files (x86)/microchip/xc32/v1.40/bin/bin/../../lib/gcc/pic32mx/4.8.3/../../../../pic32mx/lib\libpic32.a(memset.o)
                              build/default/production/_ext/826578691/tasks.o (memset)
c:/program files (x86)/microchip/xc32/v1.40/bin/bin/../../lib/gcc/pic32mx/4.8.3/../../../../pic32mx/lib\libpic32.a(default-bootstrap-exception-handler.o)
                              c:/program files (x86)/microchip/xc32/v1.40/bin/bin/../../lib/gcc/pic32mx/4.8.3/../../../../pic32mx/lib/./proc/32MX795F512L/crt0_mips32r2.o (_bootstrap_exception_handler)
c:/program files (x86)/microchip/xc32/v1.40/bin/bin/../../lib/gcc/pic32mx/4.8.3/../../../../pic32mx/lib\libpic32.a(default-on-reset.o)
                              c:/program files (x86)/microchip/xc32/v1.40/bin/bin/../../lib/gcc/pic32mx/4.8.3/../../../../pic32mx/lib/./proc/32MX795F512L/crt0_mips32r2.o (_on_reset)
c:/program files (x86)/microchip/xc32/v1.40/bin/bin/../../lib/gcc/pic32mx/4.8.3/../../../../pic32mx/lib\libpic32.a(default-on-bootstrap.o)
                              c:/program files (x86)/microchip/xc32/v1.40/bin/bin/../../lib/gcc/pic32mx/4.8.3/../../../../pic32mx/lib/./proc/32MX795F512L/crt0_mips32r2.o (_on_bootstrap)
c:/program files (x86)/microchip/xc32/v1.40/bin/bin/../../lib/gcc/pic32mx/4.8.3/../../../../pic32mx/lib\libpic32.a(default-nmi-handler.o)
                              c:/program files (x86)/microchip/xc32/v1.40/bin/bin/../../lib/gcc/pic32mx/4.8.3/../../../../pic32mx/lib/./proc/32MX795F512L/crt0_mips32r2.o (_nmi_handler)
c:/program files (x86)/microchip/xc32/v1.40/bin/bin/../../lib/gcc/pic32mx/4.8.3/../../../../pic32mx/lib\libpic32.a(general-exception.o)
                              c:/program files (x86)/microchip/xc32/v1.40/bin/bin/../../lib/gcc/pic32mx/4.8.3/../../../../pic32mx/lib/./proc/32MX795F512L/crt0_mips32r2.o (_general_exception_context)
c:/program files (x86)/microchip/xc32/v1.40/bin/bin/../../lib/gcc/pic32mx/4.8.3/../../../../pic32mx/lib\libpic32.a(vector0.o)
                              c:/program files (x86)/microchip/xc32/v1.40/bin/bin/../../lib/gcc/pic32mx/4.8.3/../../../../pic32mx/lib/./proc/32MX795F512L\default_isr_vectors.o (__vector_dispatch_0)
c:/program files (x86)/microchip/xc32/v1.40/bin/bin/../../lib/gcc/pic32mx/4.8.3/../../../../pic32mx/lib\libpic32.a(vector2.o)
                              c:/program files (x86)/microchip/xc32/v1.40/bin/bin/../../lib/gcc/pic32mx/4.8.3/../../../../pic32mx/lib/./proc/32MX795F512L\default_isr_vectors.o (__vector_dispatch_2)
c:/program files (x86)/microchip/xc32/v1.40/bin/bin/../../lib/gcc/pic32mx/4.8.3/../../../../pic32mx/lib\libpic32.a(vector3.o)
                              c:/program files (x86)/microchip/xc32/v1.40/bin/bin/../../lib/gcc/pic32mx/4.8.3/../../../../pic32mx/lib/./proc/32MX795F512L\default_isr_vectors.o (__vector_dispatch_3)
c:/program files (x86)/microchip/xc32/v1.40/bin/bin/../../lib/gcc/pic32mx/4.8.3/../../../../pic32mx/lib\libpic32.a(vector5.o)
                              c:/program files (x86)/microchip/xc32/v1.40/bin/bin/../../lib/gcc/pic32mx/4.8.3/../../../../pic32mx/lib/./proc/32MX795F512L\default_isr_vectors.o (__vector_dispatch_5)
c:/program files (x86)/microchip/xc32/v1.40/bin/bin/../../lib/gcc/pic32mx/4.8.3/../../../../pic32mx/lib\libpic32.a(vector6.o)
                              c:/program files (x86)/microchip/xc32/v1.40/bin/bin/../../lib/gcc/pic32mx/4.8.3/../../../../pic32mx/lib/./proc/32MX795F512L\default_isr_vectors.o (__vector_dispatch_6)
c:/program files (x86)/microchip/xc32/v1.40/bin/bin/../../lib/gcc/pic32mx/4.8.3/../../../../pic32mx/lib\libpic32.a(vector7.o)
                              c:/program files (x86)/microchip/xc32/v1.40/bin/bin/../../lib/gcc/pic32mx/4.8.3/../../../../pic32mx/lib/./proc/32MX795F512L\default_isr_vectors.o (__vector_dispatch_7)
c:/program files (x86)/microchip/xc32/v1.40/bin/bin/../../lib/gcc/pic32mx/4.8.3/../../../../pic32mx/lib\libpic32.a(vector8.o)
                              c:/program files (x86)/microchip/xc32/v1.40/bin/bin/../../lib/gcc/pic32mx/4.8.3/../../../../pic32mx/lib/./proc/32MX795F512L\default_isr_vectors.o (__vector_dispatch_8)
c:/program files (x86)/microchip/xc32/v1.40/bin/bin/../../lib/gcc/pic32mx/4.8.3/../../../../pic32mx/lib\libpic32.a(vector9.o)
                              c:/program files (x86)/microchip/xc32/v1.40/bin/bin/../../lib/gcc/pic32mx/4.8.3/../../../../pic32mx/lib/./proc/32MX795F512L\default_isr_vectors.o (__vector_dispatch_9)
c:/program files (x86)/microchip/xc32/v1.40/bin/bin/../../lib/gcc/pic32mx/4.8.3/../../../../pic32mx/lib\libpic32.a(vector10.o)
[...]
Memory Configuration

Name             Origin             Length             Attributes
kseg0_program_mem 0x9d000000         0x00080000         xr
kseg0_boot_mem   0x9fc00490         0x00000970
exception_mem    0x9fc01000         0x00001000
kseg1_boot_mem   0xbfc00000         0x00000490
debug_exec_mem   0xbfc02000         0x00000ff0
config3          0xbfc02ff0         0x00000004
config2          0xbfc02ff4         0x00000004
config1          0xbfc02ff8         0x00000004
config0          0xbfc02ffc         0x00000004
kseg1_data_mem   0xa0000000         0x00020000         w !x
sfrs             0xbf800000         0x00100000
configsfrs       0xbfc02ff0         0x00000010
*default*        0x00000000         0xffffffff

Linker script and memory map

LOAD c:/program files (x86)/microchip/xc32/v1.40/bin/bin/../../lib/gcc/pic32mx/4.8.3/../../../../pic32mx/lib/./proc/32MX795F512L/crt0_mips32r2.o
LOAD c:/program files (x86)/microchip/xc32/v1.40/bin/bin/../../lib/gcc/pic32mx/4.8.3/../../../../pic32mx/lib\debug-exception-return.o
LOAD build/default/production/_ext/1360937237/main.o
LOAD build/default/production/_ext/1671032801/drv_usart.o
LOAD build/default/production/_ext/1671032801/drv_usart_buffer_queue.o
LOAD build/default/production/_ext/1671032801/drv_usart_read_write.o
LOAD build/default/production/_ext/1545257954/osal_freertos.o
LOAD build/default/production/_ext/555771708/sys_devcon.o
LOAD build/default/production/_ext/555771708/sys_devcon_pic32mx.o
LOAD build/default/production/_ext/1598942110/sys_int_pic32.o
LOAD build/default/production/_ext/1106084987/sys_ports.o
LOAD build/default/production/_ext/826578691/croutine.o
LOAD build/default/production/_ext/826578691/list.o
LOAD build/default/production/_ext/826578691/queue.o
LOAD build/default/production/_ext/826578691/tasks.o
LOAD build/default/production/_ext/826578691/timers.o
LOAD build/default/production/_ext/826578691/event_groups.o
LOAD build/default/production/_ext/371109952/heap_1.o
LOAD build/default/production/_ext/359749587/port.o
LOAD build/default/production/_ext/359749587/port_asm.o
LOAD build/default/production/_ext/1360937237/app.o
LOAD build/default/production/_ext/639803181/sys_clk_static.o
LOAD build/default/production/_ext/822048611/sys_ports_static.o
LOAD build/default/production/_ext/1688732426/system_init.o
LOAD build/default/production/_ext/1688732426/system_interrupt.o
LOAD build/default/production/_ext/1688732426/system_exceptions.o
LOAD build/default/production/_ext/1688732426/system_tasks.o
LOAD build/default/production/_ext/1688732426/system_interrupt_a.o
LOAD build/default/production/_ext/1688732426/rtos_hooks.o
LOAD ..\..\..\..\..\..\..\..\..\..\microchip\harmony\v1_06\bin\framework\peripheral\PIC32MX795F512L_peripherals.a
                0x00000001                __MPLAB_BUILD = 0x1
                0x00000000                _min_heap_size = 0x0
LOAD c:/program files (x86)/microchip/xc32/v1.40/bin/bin/../../lib/gcc/pic32mx/4.8.3/../../../../pic32mx/lib/./proc/32MX795F512L\default_isr_vectors.o
LOAD c:/program files (x86)/microchip/xc32/v1.40/bin/bin/../../lib/gcc/pic32mx/4.8.3/../../../../pic32mx/lib\pic32_software_reset.o
                0x00000400                PROVIDE (_min_stack_size, 0x400)
LOAD c:/program files (x86)/microchip/xc32/v1.40/bin/bin/../../lib/gcc/pic32mx/4.8.3/../../../../pic32mx/lib/./proc/32MX795F512L\processor.o
START GROUP
LOAD libmchp_peripheral.a
END GROUP
START GROUP
LOAD libmchp_peripheral_32MX795F512L.a
END GROUP
                0x00000001                PROVIDE (_vector_spacing, 0x1)
                0x9fc01000                _ebase_address = 0x9fc01000
                0xbfc00000                _RESET_ADDR = 0xbfc00000
                0xbfc00380                _BEV_EXCPT_ADDR = 0xbfc00380
                0xbfc00480                _DBG_EXCPT_ADDR = 0xbfc00480
                0xbfc02000                _DBG_CODE_ADDR = 0xbfc02000
                0x00000ff0                _DBG_CODE_SIZE = 0xff0
                0x9fc01180                _GEN_EXCPT_ADDR = (_ebase_address + 0x180)

.config_BFC02FF0
                0xbfc02ff0        0x4
 *(.config_BFC02FF0)
 .config_BFC02FF0
                0xbfc02ff0        0x4 build/default/production/_ext/1688732426/system_init.o

.config_BFC02FF4
                0xbfc02ff4        0x4
 *(.config_BFC02FF4)
 .config_BFC02FF4
                0xbfc02ff4        0x4 build/default/production/_ext/1688732426/system_init.o

.config_BFC02FF8
                0xbfc02ff8        0x4
 *(.config_BFC02FF8)
 .config_BFC02FF8
                0xbfc02ff8        0x4 build/default/production/_ext/1688732426/system_init.o

.config_BFC02FFC
                0xbfc02ffc        0x4
 *(.config_BFC02FFC)
 .config_BFC02FFC
                0xbfc02ffc        0x4 build/default/production/_ext/1688732426/system_init.o
                0xbfc02000                PROVIDE (_DBG_CODE_ADDR, 0xbfc02000)
                0x00000ff0                PROVIDE (_DBG_CODE_SIZE, 0xff0)

.reset          0xbfc00000      0x1f4
 *(.reset)
 .reset         0xbfc00000        0x8 c:/program files (x86)/microchip/xc32/v1.40/bin/bin/../../lib/gcc/pic32mx/4.8.3/../../../../pic32mx/lib/./proc/32MX795F512L/crt0_mips32r2.o
                0xbfc00000                _reset
 *(.reset.startup)
 .reset.startup
                0xbfc00008      0x1ec c:/program files (x86)/microchip/xc32/v1.40/bin/bin/../../lib/gcc/pic32mx/4.8.3/../../../../pic32mx/lib/./proc/32MX795F512L/crt0_mips32r2.o

.bev_excpt      0xbfc00380       0x10
 *(.bev_handler)
 .bev_handler   0xbfc00380       0x10 c:/program files (x86)/microchip/xc32/v1.40/bin/bin/../../lib/gcc/pic32mx/4.8.3/../../../../pic32mx/lib/./proc/32MX795F512L/crt0_mips32r2.o

.dbg_excpt      0xbfc00480        0x0
                0xbfc00480                . = (. + DEFINED (_DEBUGGER)?0x8:0x0)

.dbg_code       0xbfc02000        0x0
                0xbfc02000                . = (. + DEFINED (_DEBUGGER)?_DBG_CODE_SIZE:0x0)

.app_excpt      0x9fc01180       0x10
 *(.gen_handler)
 .gen_handler   0x9fc01180       0x10 c:/program files (x86)/microchip/xc32/v1.40/bin/bin/../../lib/gcc/pic32mx/4.8.3/../../../../pic32mx/lib/./proc/32MX795F512L/crt0_mips32r2.o

.vector_0       0x9fc01200        0x8
 *(.vector_0)
 .vector_0      0x9fc01200        0x8 c:/program files (x86)/microchip/xc32/v1.40/bin/bin/../../lib/gcc/pic32mx/4.8.3/../../../../pic32mx/lib\libpic32.a(vector0.o)
                0x9fc01200                __vector_dispatch_0
                0x00000001                ASSERT (((_vector_spacing == 0x0) || (SIZEOF (.vector_0) <= (_vector_spacing << 0x5))), function at exception vector 0 too large)

.vector_1       0x9fc01220        0x8
 *(.vector_1)
 .vector_1      0x9fc01220        0x8 build/default/production/_ext/359749587/port.o
                0x9fc01220                __vector_dispatch_1
                0x00000001                ASSERT (((_vector_spacing == 0x0) || (SIZEOF (.vector_1) <= (_vector_spacing << 0x5))), function at exception vector 1 too large)

.vector_2       0x9fc01240        0x8
 *(.vector_2)
 .vector_2      0x9fc01240        0x8 c:/program files (x86)/microchip/xc32/v1.40/bin/bin/../../lib/gcc/pic32mx/4.8.3/../../../../pic32mx/lib\libpic32.a(vector2.o)
                0x9fc01240                __vector_dispatch_2
                0x00000001                ASSERT (((_vector_spacing == 0x0) || (SIZEOF (.vector_2) <= (_vector_spacing << 0x5))), function at exception vector 2 too large)

.vector_3       0x9fc01260        0x8
 *(.vector_3)
 .vector_3      0x9fc01260        0x8 c:/program files (x86)/microchip/xc32/v1.40/bin/bin/../../lib/gcc/pic32mx/4.8.3/../../../../pic32mx/lib\libpic32.a(vector3.o)
                0x9fc01260                __vector_dispatch_3
                0x00000001                ASSERT (((_vector_spacing == 0x0) || (SIZEOF (.vector_3) <= (_vector_spacing << 0x5))), function at exception vector 3 too large)

.vector_4       0x9fc01280        0x8
 *(.vector_4)
 .vector_4      0x9fc01280        0x8 build/default/production/_ext/359749587/port.o
                0x9fc01280                __vector_dispatch_4
                0x00000001                ASSERT (((_vector_spacing == 0x0) || (SIZEOF (.vector_4) <= (_vector_spacing << 0x5))), function at exception vector 4 too large)

.vector_5       0x9fc012a0        0x8
 *(.vector_5)
 .vector_5      0x9fc012a0        0x8 c:/program files (x86)/microchip/xc32/v1.40/bin/bin/../../lib/gcc/pic32mx/4.8.3/../../../../pic32mx/lib\libpic32.a(vector5.o)
                0x9fc012a0                __vector_dispatch_5
                0x00000001                ASSERT (((_vector_spacing == 0x0) || (SIZEOF (.vector_5) <= (_vector_spacing << 0x5))), function at exception vector 5 too large)

.vector_6       0x9fc012c0        0x8
 *(.vector_6)
 .vector_6      0x9fc012c0        0x8 c:/program files (x86)/microchip/xc32/v1.40/bin/bin/../../lib/gcc/pic32mx/4.8.3/../../../../pic32mx/lib\libpic32.a(vector6.o)
                0x9fc012c0                __vector_dispatch_6
                0x00000001                ASSERT (((_vector_spacing == 0x0) || (SIZEOF (.vector_6) <= (_vector_spacing << 0x5))), function at exception vector 6 too large)

.vector_7       0x9fc012e0        0x8
 *(.vector_7)
 .vector_7      0x9fc012e0        0x8 c:/program files (x86)/microchip/xc32/v1.40/bin/bin/../../lib/gcc/pic32mx/4.8.3/../../../../pic32mx/lib\libpic32.a(vector7.o)
                0x9fc012e0                __vector_dispatch_7
                0x00000001                ASSERT (((_vector_spacing == 0x0) || (SIZEOF (.vector_7) <= (_vector_spacing << 0x5))), function at exception vector 7 too large)

.vector_8       0x9fc01300        0x8
 *(.vector_8)
 .vector_8      0x9fc01300        0x8 c:/program files (x86)/microchip/xc32/v1.40/bin/bin/../../lib/gcc/pic32mx/4.8.3/../../../../pic32mx/lib\libpic32.a(vector8.o)
                0x9fc01300                __vector_dispatch_8
                0x00000001                ASSERT (((_vector_spacing == 0x0) || (SIZEOF (.vector_8) <= (_vector_spacing << 0x5))), function at exception vector 8 too large)

.vector_9       0x9fc01320        0x8
 *(.vector_9)
 .vector_9      0x9fc01320        0x8 c:/program files (x86)/microchip/xc32/v1.40/bin/bin/../../lib/gcc/pic32mx/4.8.3/../../../../pic32mx/lib\libpic32.a(vector9.o)
                0x9fc01320                __vector_dispatch_9
                0x00000001                ASSERT (((_vector_spacing == 0x0) || (SIZEOF (.vector_9) <= (_vector_spacing << 0x5))), function at exception vector 9 too large)

.vector_10      0x9fc01340        0x8
 *(.vector_10)
 .vector_10     0x9fc01340        0x8 c:/program files (x86)/microchip/xc32/v1.40/bin/bin/../../lib/gcc/pic32mx/4.8.3/../../../../pic32mx/lib\libpic32.a(vector10.o)
                0x9fc01340                __vector_dispatch_10
                0x00000001                ASSERT (((_vector_spacing == 0x0) || (SIZEOF (.vector_10) <= (_vector_spacing << 0x5))), function at exception vector 10 too large)

.vector_11      0x9fc01360        0x8
 *(.vector_11)
 .vector_11     0x9fc01360        0x8 c:/program files (x86)/microchip/xc32/v1.40/bin/bin/../../lib/gcc/pic32mx/4.8.3/../../../../pic32mx/lib\libpic32.a(vector11.o)
                0x9fc01360                __vector_dispatch_11
                0x00000001                ASSERT (((_vector_spacing == 0x0) || (SIZEOF (.vector_11) <= (_vector_spacing << 0x5))), function at exception vector 11 too large)

.vector_12      0x9fc01380        0x8
 *(.vector_12)
 .vector_12     0x9fc01380        0x8 c:/program files (x86)/microchip/xc32/v1.40/bin/bin/../../lib/gcc/pic32mx/4.8.3/../../../../pic32mx/lib\libpic32.a(vector12.o)
                0x9fc01380                __vector_dispatch_12
                0x00000001                ASSERT (((_vector_spacing == 0x0) || (SIZEOF (.vector_12) <= (_vector_spacing << 0x5))), function at exception vector 12 too large)

.vector_13      0x9fc013a0        0x8
 *(.vector_13)
 .vector_13     0x9fc013a0        0x8 c:/program files (x86)/microchip/xc32/v1.40/bin/bin/../../lib/gcc/pic32mx/4.8.3/../../../../pic32mx/lib\libpic32.a(vector13.o)
                0x9fc013a0                __vector_dispatch_13
                0x00000001                ASSERT (((_vector_spacing == 0x0) || (SIZEOF (.vector_13) <= (_vector_spacing << 0x5))), function at exception vector 13 too large)

.vector_14      0x9fc013c0        0x8
 *(.vector_14)
 .vector_14     0x9fc013c0        0x8 c:/program files (x86)/microchip/xc32/v1.40/bin/bin/../../lib/gcc/pic32mx/4.8.3/../../../../pic32mx/lib\libpic32.a(vector14.o)
                0x9fc013c0                __vector_dispatch_14
                0x00000001                ASSERT (((_vector_spacing == 0x0) || (SIZEOF (.vector_14) <= (_vector_spacing << 0x5))), function at exception vector 14 too large)

.vector_15      0x9fc013e0        0x8
 *(.vector_15)
 .vector_15     0x9fc013e0        0x8 c:/program files (x86)/microchip/xc32/v1.40/bin/bin/../../lib/gcc/pic32mx/4.8.3/../../../../pic32mx/lib\libpic32.a(vector15.o)
                0x9fc013e0                __vector_dispatch_15
                0x00000001                ASSERT (((_vector_spacing == 0x0) || (SIZEOF (.vector_15) <= (_vector_spacing << 0x5))), function at exception vector 15 too large)

.vector_16      0x9fc01400        0x8
 *(.vector_16)
 .vector_16     0x9fc01400        0x8 c:/program files (x86)/microchip/xc32/v1.40/bin/bin/../../lib/gcc/pic32mx/4.8.3/../../../../pic32mx/lib\libpic32.a(vector16.o)
                0x9fc01400                __vector_dispatch_16
                0x00000001                ASSERT (((_vector_spacing == 0x0) || (SIZEOF (.vector_16) <= (_vector_spacing << 0x5))), function at exception vector 16 too large)

.vector_17      0x9fc01420        0x8
 *(.vector_17)
 .vector_17     0x9fc01420        0x8 c:/program files (x86)/microchip/xc32/v1.40/bin/bin/../../lib/gcc/pic32mx/4.8.3/../../../../pic32mx/lib\libpic32.a(vector17.o)
                0x9fc01420                __vector_dispatch_17
                0x00000001                ASSERT (((_vector_spacing == 0x0) || (SIZEOF (.vector_17) <= (_vector_spacing << 0x5))), function at exception vector 17 too large)

.vector_18      0x9fc01440        0x8
 *(.vector_18)
 .vector_18     0x9fc01440        0x8 c:/program files (x86)/microchip/xc32/v1.40/bin/bin/../../lib/gcc/pic32mx/4.8.3/../../../../pic32mx/lib\libpic32.a(vector18.o)
                0x9fc01440                __vector_dispatch_18
                0x00000001                ASSERT (((_vector_spacing == 0x0) || (SIZEOF (.vector_18) <= (_vector_spacing << 0x5))), function at exception vector 18 too large)

.vector_19      0x9fc01460        0x8
 *(.vector_19)
 .vector_19     0x9fc01460        0x8 c:/program files (x86)/microchip/xc32/v1.40/bin/bin/../../lib/gcc/pic32mx/4.8.3/../../../../pic32mx/lib\libpic32.a(vector19.o)
                0x9fc01460                __vector_dispatch_19
                0x00000001                ASSERT (((_vector_spacing == 0x0) || (SIZEOF (.vector_19) <= (_vector_spacing << 0x5))), function at exception vector 19 too large)

.vector_20      0x9fc01480        0x8
 *(.vector_20)
 .vector_20     0x9fc01480        0x8 c:/program files (x86)/microchip/xc32/v1.40/bin/bin/../../lib/gcc/pic32mx/4.8.3/../../../../pic32mx/lib\libpic32.a(vector20.o)
                0x9fc01480                __vector_dispatch_20
                0x00000001                ASSERT (((_vector_spacing == 0x0) || (SIZEOF (.vector_20) <= (_vector_spacing << 0x5))), function at exception vector 20 too large)

.vector_21      0x9fc014a0        0x8
 *(.vector_21)
 .vector_21     0x9fc014a0        0x8 c:/program files (x86)/microchip/xc32/v1.40/bin/bin/../../lib/gcc/pic32mx/4.8.3/../../../../pic32mx/lib\libpic32.a(vector21.o)
                0x9fc014a0                __vector_dispatch_21
                0x00000001                ASSERT (((_vector_spacing == 0x0) || (SIZEOF (.vector_21) <= (_vector_spacing << 0x5))), function at exception vector 21 too large)

.vector_22      0x9fc014c0        0x8
 *(.vector_22)
 .vector_22     0x9fc014c0        0x8 c:/program files (x86)/microchip/xc32/v1.40/bin/bin/../../lib/gcc/pic32mx/4.8.3/../../../../pic32mx/lib\libpic32.a(vector22.o)
                0x9fc014c0                __vector_dispatch_22
                0x00000001                ASSERT (((_vector_spacing == 0x0) || (SIZEOF (.vector_22) <= (_vector_spacing << 0x5))), function at exception vector 22 too large)

.vector_23      0x9fc014e0        0x8
 *(.vector_23)
 .vector_23     0x9fc014e0        0x8 c:/program files (x86)/microchip/xc32/v1.40/bin/bin/../../lib/gcc/pic32mx/4.8.3/../../../../pic32mx/lib\libpic32.a(vector23.o)
                0x9fc014e0                __vector_dispatch_23
                0x00000001                ASSERT (((_vector_spacing == 0x0) || (SIZEOF (.vector_23) <= (_vector_spacing << 0x5))), function at exception vector 23 too large)

.vector_24      0x9fc01500       0x10
 *(.vector_24)
 .vector_24     0x9fc01500       0x10 build/default/production/_ext/1688732426/system_interrupt_a.o
                0x9fc01500                __vector_dispatch_24
                0x00000001                ASSERT (((_vector_spacing == 0x0) || (SIZEOF (.vector_24) <= (_vector_spacing << 0x5))), function at exception vector 24 too large)

.vector_25      0x9fc01520        0x8
 *(.vector_25)
 .vector_25     0x9fc01520        0x8 c:/program files (x86)/microchip/xc32/v1.40/bin/bin/../../lib/gcc/pic32mx/4.8.3/../../../../pic32mx/lib\libpic32.a(vector25.o)
                0x9fc01520                __vector_dispatch_25
                0x00000001                ASSERT (((_vector_spacing == 0x0) || (SIZEOF (.vector_25) <= (_vector_spacing << 0x5))), function at exception vector 25 too large)

.vector_26      0x9fc01540        0x8
 *(.vector_26)
 .vector_26     0x9fc01540        0x8 c:/program files (x86)/microchip/xc32/v1.40/bin/bin/../../lib/gcc/pic32mx/4.8.3/../../../../pic32mx/lib\libpic32.a(vector26.o)
                0x9fc01540                __vector_dispatch_26
                0x00000001                ASSERT (((_vector_spacing == 0x0) || (SIZEOF (.vector_26) <= (_vector_spacing << 0x5))), function at exception vector 26 too large)

.vector_27      0x9fc01560        0x8
 *(.vector_27)
 .vector_27     0x9fc01560        0x8 c:/program files (x86)/microchip/xc32/v1.40/bin/bin/../../lib/gcc/pic32mx/4.8.3/../../../../pic32mx/lib\libpic32.a(vector27.o)
                0x9fc01560                __vector_dispatch_27
                0x00000001                ASSERT (((_vector_spacing == 0x0) || (SIZEOF (.vector_27) <= (_vector_spacing << 0x5))), function at exception vector 27 too large)

.vector_28      0x9fc01580        0x8
 *(.vector_28)
 .vector_28     0x9fc01580        0x8 c:/program files (x86)/microchip/xc32/v1.40/bin/bin/../../lib/gcc/pic32mx/4.8.3/../../../../pic32mx/lib\libpic32.a(vector28.o)
                0x9fc01580                __vector_dispatch_28
                0x00000001                ASSERT (((_vector_spacing == 0x0) || (SIZEOF (.vector_28) <= (_vector_spacing << 0x5))), function at exception vector 28 too large)

.vector_29      0x9fc015a0        0x8
 *(.vector_29)
 .vector_29     0x9fc015a0        0x8 c:/program files (x86)/microchip/xc32/v1.40/bin/bin/../../lib/gcc/pic32mx/4.8.3/../../../../pic32mx/lib\libpic32.a(vector29.o)
                0x9fc015a0                __vector_dispatch_29
                0x00000001                ASSERT (((_vector_spacing == 0x0) || (SIZEOF (.vector_29) <= (_vector_spacing << 0x5))), function at exception vector 29 too large)

.vector_30      0x9fc015c0        0x8
 *(.vector_30)
 .vector_30     0x9fc015c0        0x8 c:/program files (x86)/microchip/xc32/v1.40/bin/bin/../../lib/gcc/pic32mx/4.8.3/../../../../pic32mx/lib\libpic32.a(vector30.o)
                0x9fc015c0                __vector_dispatch_30
                0x00000001                ASSERT (((_vector_spacing == 0x0) || (SIZEOF (.vector_30) <= (_vector_spacing << 0x5))), function at exception vector 30 too large)

.vector_31      0x9fc015e0        0x8
 *(.vector_31)
 .vector_31     0x9fc015e0        0x8 c:/program files (x86)/microchip/xc32/v1.40/bin/bin/../../lib/gcc/pic32mx/4.8.3/../../../../pic32mx/lib\libpic32.a(vector31.o)
                0x9fc015e0                __vector_dispatch_31
                0x00000001                ASSERT (((_vector_spacing == 0x0) || (SIZEOF (.vector_31) <= (_vector_spacing << 0x5))), function at exception vector 31 too large)

.vector_32      0x9fc01600        0x8
 *(.vector_32)
 .vector_32     0x9fc01600        0x8 c:/program files (x86)/microchip/xc32/v1.40/bin/bin/../../lib/gcc/pic32mx/4.8.3/../../../../pic32mx/lib\libpic32.a(vector32.o)
                0x9fc01600                __vector_dispatch_32
                0x00000001                ASSERT (((_vector_spacing == 0x0) || (SIZEOF (.vector_32) <= (_vector_spacing << 0x5))), function at exception vector 32 too large)

.vector_33      0x9fc01620        0x8
 *(.vector_33)
 .vector_33     0x9fc01620        0x8 c:/program files (x86)/microchip/xc32/v1.40/bin/bin/../../lib/gcc/pic32mx/4.8.3/../../../../pic32mx/lib\libpic32.a(vector33.o)
                0x9fc01620                __vector_dispatch_33
                0x00000001                ASSERT (((_vector_spacing == 0x0) || (SIZEOF (.vector_33) <= (_vector_spacing << 0x5))), function at exception vector 33 too large)

.vector_34      0x9fc01640        0x8
 *(.vector_34)
 .vector_34     0x9fc01640        0x8 c:/program files (x86)/microchip/xc32/v1.40/bin/bin/../../lib/gcc/pic32mx/4.8.3/../../../../pic32mx/lib\libpic32.a(vector34.o)
                0x9fc01640                __vector_dispatch_34
                0x00000001                ASSERT (((_vector_spacing == 0x0) || (SIZEOF (.vector_34) <= (_vector_spacing << 0x5))), function at exception vector 34 too large)

.vector_35      0x9fc01660        0x8
 *(.vector_35)
 .vector_35     0x9fc01660        0x8 c:/program files (x86)/microchip/xc32/v1.40/bin/bin/../../lib/gcc/pic32mx/4.8.3/../../../../pic32mx/lib\libpic32.a(vector35.o)
                0x9fc01660                __vector_dispatch_35
                0x00000001                ASSERT (((_vector_spacing == 0x0) || (SIZEOF (.vector_35) <= (_vector_spacing << 0x5))), function at exception vector 35 too large)

.vector_36      0x9fc01680        0x8
 *(.vector_36)
 .vector_36     0x9fc01680        0x8 c:/program files (x86)/microchip/xc32/v1.40/bin/bin/../../lib/gcc/pic32mx/4.8.3/../../../../pic32mx/lib\libpic32.a(vector36.o)
                0x9fc01680                __vector_dispatch_36
                0x00000001                ASSERT (((_vector_spacing == 0x0) || (SIZEOF (.vector_36) <= (_vector_spacing << 0x5))), function at exception vector 36 too large)

.vector_37      0x9fc016a0        0x8
 *(.vector_37)
 .vector_37     0x9fc016a0        0x8 c:/program files (x86)/microchip/xc32/v1.40/bin/bin/../../lib/gcc/pic32mx/4.8.3/../../../../pic32mx/lib\libpic32.a(vector37.o)
                0x9fc016a0                __vector_dispatch_37
                0x00000001                ASSERT (((_vector_spacing == 0x0) || (SIZEOF (.vector_37) <= (_vector_spacing << 0x5))), function at exception vector 37 too large)

.vector_38      0x9fc016c0        0x8
 *(.vector_38)
 .vector_38     0x9fc016c0        0x8 c:/program files (x86)/microchip/xc32/v1.40/bin/bin/../../lib/gcc/pic32mx/4.8.3/../../../../pic32mx/lib\libpic32.a(vector38.o)
                0x9fc016c0                __vector_dispatch_38
                0x00000001                ASSERT (((_vector_spacing == 0x0) || (SIZEOF (.vector_38) <= (_vector_spacing << 0x5))), function at exception vector 38 too large)

.vector_39      0x9fc016e0        0x8
 *(.vector_39)
 .vector_39     0x9fc016e0        0x8 c:/program files (x86)/microchip/xc32/v1.40/bin/bin/../../lib/gcc/pic32mx/4.8.3/../../../../pic32mx/lib\libpic32.a(vector39.o)
                0x9fc016e0                __vector_dispatch_39
                0x00000001                ASSERT (((_vector_spacing == 0x0) || (SIZEOF (.vector_39) <= (_vector_spacing << 0x5))), function at exception vector 39 too large)

.vector_40      0x9fc01700        0x8
 *(.vector_40)
 .vector_40     0x9fc01700        0x8 c:/program files (x86)/microchip/xc32/v1.40/bin/bin/../../lib/gcc/pic32mx/4.8.3/../../../../pic32mx/lib\libpic32.a(vector40.o)
                0x9fc01700                __vector_dispatch_40
                0x00000001                ASSERT (((_vector_spacing == 0x0) || (SIZEOF (.vector_40) <= (_vector_spacing << 0x5))), function at exception vector 40 too large)

.vector_41      0x9fc01720        0x8
 *(.vector_41)
 .vector_41     0x9fc01720        0x8 c:/program files (x86)/microchip/xc32/v1.40/bin/bin/../../lib/gcc/pic32mx/4.8.3/../../../../pic32mx/lib\libpic32.a(vector41.o)
                0x9fc01720                __vector_dispatch_41
                0x00000001                ASSERT (((_vector_spacing == 0x0) || (SIZEOF (.vector_41) <= (_vector_spacing << 0x5))), function at exception vector 41 too large)

.vector_42      0x9fc01740        0x8
 *(.vector_42)
 .vector_42     0x9fc01740        0x8 c:/program files (x86)/microchip/xc32/v1.40/bin/bin/../../lib/gcc/pic32mx/4.8.3/../../../../pic32mx/lib\libpic32.a(vector42.o)
                0x9fc01740                __vector_dispatch_42
                0x00000001                ASSERT (((_vector_spacing == 0x0) || (SIZEOF (.vector_42) <= (_vector_spacing << 0x5))), function at exception vector 42 too large)

.vector_43      0x9fc01760        0x8
 *(.vector_43)
 .vector_43     0x9fc01760        0x8 c:/program files (x86)/microchip/xc32/v1.40/bin/bin/../../lib/gcc/pic32mx/4.8.3/../../../../pic32mx/lib\libpic32.a(vector43.o)
                0x9fc01760                __vector_dispatch_43
                0x00000001                ASSERT (((_vector_spacing == 0x0) || (SIZEOF (.vector_43) <= (_vector_spacing << 0x5))), function at exception vector 43 too large)

.vector_44      0x9fc01780        0x8
 *(.vector_44)
 .vector_44     0x9fc01780        0x8 c:/program files (x86)/microchip/xc32/v1.40/bin/bin/../../lib/gcc/pic32mx/4.8.3/../../../../pic32mx/lib\libpic32.a(vector44.o)
                0x9fc01780                __vector_dispatch_44
                0x00000001                ASSERT (((_vector_spacing == 0x0) || (SIZEOF (.vector_44) <= (_vector_spacing << 0x5))), function at exception vector 44 too large)

.vector_45      0x9fc017a0        0x8
 *(.vector_45)
 .vector_45     0x9fc017a0        0x8 c:/program files (x86)/microchip/xc32/v1.40/bin/bin/../../lib/gcc/pic32mx/4.8.3/../../../../pic32mx/lib\libpic32.a(vector45.o)
                0x9fc017a0                __vector_dispatch_45
                0x00000001                ASSERT (((_vector_spacing == 0x0) || (SIZEOF (.vector_45) <= (_vector_spacing << 0x5))), function at exception vector 45 too large)

.vector_46      0x9fc017c0        0x8
 *(.vector_46)
 .vector_46     0x9fc017c0        0x8 c:/program files (x86)/microchip/xc32/v1.40/bin/bin/../../lib/gcc/pic32mx/4.8.3/../../../../pic32mx/lib\libpic32.a(vector46.o)
                0x9fc017c0                __vector_dispatch_46
                0x00000001                ASSERT (((_vector_spacing == 0x0) || (SIZEOF (.vector_46) <= (_vector_spacing << 0x5))), function at exception vector 46 too large)

.vector_47      0x9fc017e0        0x8
 *(.vector_47)
 .vector_47     0x9fc017e0        0x8 c:/program files (x86)/microchip/xc32/v1.40/bin/bin/../../lib/gcc/pic32mx/4.8.3/../../../../pic32mx/lib\libpic32.a(vector47.o)
                0x9fc017e0                __vector_dispatch_47
                0x00000001                ASSERT (((_vector_spacing == 0x0) || (SIZEOF (.vector_47) <= (_vector_spacing << 0x5))), function at exception vector 47 too large)

.vector_48      0x9fc01800        0x8
 *(.vector_48)
 .vector_48     0x9fc01800        0x8 c:/program files (x86)/microchip/xc32/v1.40/bin/bin/../../lib/gcc/pic32mx/4.8.3/../../../../pic32mx/lib\libpic32.a(vector48.o)
                0x9fc01800                __vector_dispatch_48
                0x00000001                ASSERT (((_vector_spacing == 0x0) || (SIZEOF (.vector_48) <= (_vector_spacing << 0x5))), function at exception vector 48 too large)

.vector_49      0x9fc01820        0x8
 *(.vector_49)
 .vector_49     0x9fc01820        0x8 c:/program files (x86)/microchip/xc32/v1.40/bin/bin/../../lib/gcc/pic32mx/4.8.3/../../../../pic32mx/lib\libpic32.a(vector49.o)
                0x9fc01820                __vector_dispatch_49
                0x00000001                ASSERT (((_vector_spacing == 0x0) || (SIZEOF (.vector_49) <= (_vector_spacing << 0x5))), function at exception vector 49 too large)

.vector_50      0x9fc01840        0x8
 *(.vector_50)
 .vector_50     0x9fc01840        0x8 c:/program files (x86)/microchip/xc32/v1.40/bin/bin/../../lib/gcc/pic32mx/4.8.3/../../../../pic32mx/lib\libpic32.a(vector50.o)
                0x9fc01840                __vector_dispatch_50
                0x00000001                ASSERT (((_vector_spacing == 0x0) || (SIZEOF (.vector_50) <= (_vector_spacing << 0x5))), function at exception vector 50 too large)

.vector_51      0x9fc01860        0x8
 *(.vector_51)
 .vector_51     0x9fc01860        0x8 c:/program files (x86)/microchip/xc32/v1.40/bin/bin/../../lib/gcc/pic32mx/4.8.3/../../../../pic32mx/lib\libpic32.a(vector51.o)
                0x9fc01860                __vector_dispatch_51
                0x00000001                ASSERT (((_vector_spacing == 0x0) || (SIZEOF (.vector_51) <= (_vector_spacing << 0x5))), function at exception vector 51 too large)

.vector_52      0x9fc01880        0x0
 *(.vector_52)
                0x00000001                ASSERT (((_vector_spacing == 0x0) || (SIZEOF (.vector_52) <= (_vector_spacing << 0x5))), function at exception vector 52 too large)

.vector_53      0x9fc018a0        0x0
 *(.vector_53)
                0x00000001                ASSERT (((_vector_spacing == 0x0) || (SIZEOF (.vector_53) <= (_vector_spacing << 0x5))), function at exception vector 53 too large)

.vector_54      0x9fc018c0        0x0
 *(.vector_54)
                0x00000001                ASSERT (((_vector_spacing == 0x0) || (SIZEOF (.vector_54) <= (_vector_spacing << 0x5))), function at exception vector 54 too large)

.vector_55      0x9fc018e0        0x0
 *(.vector_55)
                0x00000001                ASSERT (((_vector_spacing == 0x0) || (SIZEOF (.vector_55) <= (_vector_spacing << 0x5))), function at exception vector 55 too large)

.vector_56      0x9fc01900        0x0
 *(.vector_56)
                0x00000001                ASSERT (((_vector_spacing == 0x0) || (SIZEOF (.vector_56) <= (_vector_spacing << 0x5))), function at exception vector 56 too large)

.vector_57      0x9fc01920        0x0
 *(.vector_57)
                0x00000001                ASSERT (((_vector_spacing == 0x0) || (SIZEOF (.vector_57) <= (_vector_spacing << 0x5))), function at exception vector 57 too large)

.vector_58      0x9fc01940        0x0
 *(.vector_58)
                0x00000001                ASSERT (((_vector_spacing == 0x0) || (SIZEOF (.vector_58) <= (_vector_spacing << 0x5))), function at exception vector 58 too large)

.vector_59      0x9fc01960        0x0
 *(.vector_59)
                0x00000001                ASSERT (((_vector_spacing == 0x0) || (SIZEOF (.vector_59) <= (_vector_spacing << 0x5))), function at exception vector 59 too large)

.vector_60      0x9fc01980        0x0
 *(.vector_60)
                0x00000001                ASSERT (((_vector_spacing == 0x0) || (SIZEOF (.vector_60) <= (_vector_spacing << 0x5))), function at exception vector 60 too large)

.vector_61      0x9fc019a0        0x0
 *(.vector_61)
                0x00000001                ASSERT (((_vector_spacing == 0x0) || (SIZEOF (.vector_61) <= (_vector_spacing << 0x5))), function at exception vector 61 too large)

.vector_62      0x9fc019c0        0x0
 *(.vector_62)
                0x00000001                ASSERT (((_vector_spacing == 0x0) || (SIZEOF (.vector_62) <= (_vector_spacing << 0x5))), function at exception vector 62 too large)

.vector_63      0x9fc019e0        0x0
 *(.vector_63)
                0x00000001                ASSERT (((_vector_spacing == 0x0) || (SIZEOF (.vector_63) <= (_vector_spacing << 0x5))), function at exception vector 63 too large)

.startup
 *(.startup)

.text           0x9d000000        0x0
 *(.stub .gnu.linkonce.t.*)
 *(.text.*personality*)
 *(.mips16.fn.*)
 *(.mips16.call.*)
 *(.gnu.warning)
                0x9d000000                . = ALIGN (0x4)

.init           0x9d000000        0x0
 *crti.o(.init)
 *crtbegin.o(.init)
 *(EXCLUDE_FILE(*crtn.o *crtend?.o *crtend.o) .init)
 *crtend.o(.init)
 *crtn.o(.init)
                0x9d000000                . = ALIGN (0x4)

.fini           0x9d000000        0x0
 *(.fini)
                0x9d000000                . = ALIGN (0x4)

.preinit_array  0x9d000000        0x0
                0x9d000000                PROVIDE (__preinit_array_start, .)
 *(.preinit_array)
                0x9d000000                PROVIDE (__preinit_array_end, .)
                0x9d000000                . = ALIGN (0x4)

.init_array     0x9d000000        0x0
                0x9d000000                PROVIDE (__init_array_start, .)
 *(SORT(.init_array.*))
 *(.init_array)
                0x9d000000                PROVIDE (__init_array_end, .)
                0x9d000000                . = ALIGN (0x4)

.fini_array     0x9d000000        0x0
                0x9d000000                PROVIDE (__fini_array_start, .)
 *(SORT(.fini_array.*))
 *(.fini_array)
                0x9d000000                PROVIDE (__fini_array_end, .)
                0x9d000000                . = ALIGN (0x4)

.ctors          0x9d000000        0x0
 *crtbegin.o(.ctors)
 *crtbegin?.o(.ctors)
 *(EXCLUDE_FILE(*crtend?.o *crtend.o) .ctors)
 *(SORT(.ctors.*))
 *(.ctors)
                0x9d000000                . = ALIGN (0x4)

.dtors          0x9d000000        0x0
 *crtbegin.o(.dtors)
 *crtbegin?.o(.dtors)
 *(EXCLUDE_FILE(*crtend?.o *crtend.o) .dtors)
 *(SORT(.dtors.*))
 *(.dtors)
                0x9d000000                . = ALIGN (0x4)

.rodata         0x9d000000        0x0
 *(.gnu.linkonce.r.*)
 *(.rodata1)
                0x9d000000                . = ALIGN (0x4)

.sdata2         0x9fc00490        0x0
 *(.sdata2 .sdata2.* .gnu.linkonce.s2.*)
                0x9fc00490                . = ALIGN (0x4)

.sbss2          0x9fc00490        0x0
 *(.sbss2 .sbss2.* .gnu.linkonce.sb2.*)
                0x9fc00490                . = ALIGN (0x4)

.eh_frame_hdr
 *(.eh_frame_hdr)
                0x9fc00490                . = ALIGN (0x4)

.eh_frame
 *(.eh_frame)
                0x9fc00490                . = ALIGN (0x4)

.gcc_except_table
 *(.gcc_except_table .gcc_except_table.*)
                0x9fc00490                . = ALIGN (0x4)

.dbg_data       0xa0000000        0x0
                0xa0000000                . = (. + DEFINED (_DEBUGGER)?0x200:0x0)

.jcr            0xa0000000        0x0
 *(.jcr)
                0xa0000000                . = ALIGN (0x4)

.eh_frame
 *(.eh_frame)
                0xa0000000                . = ALIGN (0x4)

.gcc_except_table
 *(.gcc_except_table .gcc_except_table.*)
                0xa0000000                . = ALIGN (0x4)

.persist        0xa0000000        0x0
                0xa0000000                _persist_begin = .
 *(.persist .persist.*)
 *(.pbss .pbss.*)
                0xa0000000                . = ALIGN (0x4)
                0xa0000000                _persist_end = .

.data           0xa0000000        0x0
 *(.gnu.linkonce.d.*)
 *(.data1)
                0xa0000000                . = ALIGN (0x4)
                0xa0000000                . = .
                0xa0007ff0                _gp = (ALIGN (0x10) + 0x7ff0)

.got            0xa0000000        0x0
 *(.got.plt)
 *(.got)
                0xa0000000                . = ALIGN (0x4)

.sdata          0xa0000000        0x8
                0xa0000000                _sdata_begin = .
 *(.sdata .sdata.* .gnu.linkonce.s.*)
 .sdata         0xa0000000        0x4 build/default/production/_ext/826578691/tasks.o
 .sdata         0xa0000004        0x4 build/default/production/_ext/359749587/port.o
                0xa0000004                uxInterruptNesting
                0xa0000008                . = ALIGN (0x4)
                0xa0000008                _sdata_end = .

.lit8
 *(.lit8)

.lit4
 *(.lit4)
                0xa0000008                . = ALIGN (0x4)
                0xa0000008                _data_end = .
                0xa0000008                _bss_begin = .

.sbss           0xa0000008       0x70
                0xa0000008                _sbss_begin = .
 *(.dynsbss)
 *(.sbss .sbss.* .gnu.linkonce.sb.*)
 .sbss          0xa0000008        0x2 build/default/production/_ext/1671032801/drv_usart_buffer_queue.o
 *fill*         0xa000000a        0x2 
 .sbss          0xa000000c       0x34 build/default/production/_ext/826578691/tasks.o
                0xa000000c                pxCurrentTCB
 .sbss          0xa0000040       0x10 build/default/production/_ext/826578691/timers.o
 .sbss          0xa0000050        0x8 build/default/production/_ext/371109952/heap_1.o
 .sbss          0xa0000058        0x4 build/default/production/_ext/359749587/port.o
                0xa0000058                uxSavedTaskStackPointer
 .sbss          0xa000005c        0xc build/default/production/_ext/1688732426/system_exceptions.o
 *(.scommon)
 .scommon       0xa0000068        0x8 build/default/production/_ext/555771708/sys_devcon.o
                0xa0000068                sysDevconObj
 .scommon       0xa0000070        0x8 build/default/production/_ext/1688732426/system_init.o
                0xa0000070                sysObj
                0xa0000078                _sbss_end = .
                0xa0000078                . = ALIGN (0x4)

.bss            0xa0000078      0x304
 *(.dynbss)
 *(COMMON)
 COMMON         0xa0000078       0xa8 build/default/production/_ext/1671032801/drv_usart.o
                0xa0000078                gDrvUSARTCommonDataObj
                0xa0000084                gDrvUSARTClientObj
                0xa00000cc                gDrvUSARTObj
 COMMON         0xa0000120      0x240 build/default/production/_ext/1671032801/drv_usart_buffer_queue.o
                0xa0000120                gDrvUSARTBufferObj
 COMMON         0xa0000360       0x1c build/default/production/_ext/1360937237/app.o
                0xa0000360                appData
                0xa000037c                . = ALIGN ((. != 0x0)?0x4:0x1)
                0xa000037c                . = ALIGN (0x4)
                0xa000037c                _end = .
                0xa000037c                _bss_end = .
                0x00020000                _bmxdudba_address = 0x20000
                0x00020000                _bmxdupba_address = 0x20000

/DISCARD/
 *(.pdr)
 *(.rel.dyn)
 *(.note.GNU-stack)
 *(.note.GNU-stack)
 *(.gnu_debuglink)
 *(.gnu.lto_*)
 *(.discard)

.gptab.sdata
 *(.gptab.data)
 *(.gptab.sdata)

.gptab.sbss
 *(.gptab.bss)
 *(.gptab.sbss)

.mdebug.abi32   0xa000037c        0x0
 *(.mdebug.abi32)
 .mdebug.abi32  0xa000037c        0x0 build/default/production/_ext/1360937237/main.o
 .mdebug.abi32  0xa000037c        0x0 build/default/production/_ext/1671032801/drv_usart.o
 .mdebug.abi32  0xa000037c        0x0 build/default/production/_ext/1671032801/drv_usart_buffer_queue.o
 .mdebug.abi32  0xa000037c        0x0 build/default/production/_ext/1671032801/drv_usart_read_write.o
 .mdebug.abi32  0xa000037c        0x0 build/default/production/_ext/1545257954/osal_freertos.o
 .mdebug.abi32  0xa000037c        0x0 build/default/production/_ext/555771708/sys_devcon.o
 .mdebug.abi32  0xa000037c        0x0 build/default/production/_ext/555771708/sys_devcon_pic32mx.o
 .mdebug.abi32  0xa000037c        0x0 build/default/production/_ext/1598942110/sys_int_pic32.o
 .mdebug.abi32  0xa000037c        0x0 build/default/production/_ext/1106084987/sys_ports.o
 .mdebug.abi32  0xa000037c        0x0 build/default/production/_ext/826578691/croutine.o
 .mdebug.abi32  0xa000037c        0x0 build/default/production/_ext/826578691/list.o
 .mdebug.abi32  0xa000037c        0x0 build/default/production/_ext/826578691/queue.o
 .mdebug.abi32  0xa000037c        0x0 build/default/production/_ext/826578691/tasks.o
 .mdebug.abi32  0xa000037c        0x0 build/default/production/_ext/826578691/timers.o
 .mdebug.abi32  0xa000037c        0x0 build/default/production/_ext/826578691/event_groups.o
 .mdebug.abi32  0xa000037c        0x0 build/default/production/_ext/371109952/heap_1.o
 .mdebug.abi32  0xa000037c        0x0 build/default/production/_ext/359749587/port.o
 .mdebug.abi32  0xa000037c        0x0 build/default/production/_ext/1360937237/app.o
 .mdebug.abi32  0xa000037c        0x0 build/default/production/_ext/639803181/sys_clk_static.o
 .mdebug.abi32  0xa000037c        0x0 build/default/production/_ext/822048611/sys_ports_static.o
 .mdebug.abi32  0xa000037c        0x0 build/default/production/_ext/1688732426/system_init.o
 .mdebug.abi32  0xa000037c        0x0 build/default/production/_ext/1688732426/system_interrupt.o
 .mdebug.abi32  0xa000037c        0x0 build/default/production/_ext/1688732426/system_exceptions.o
 .mdebug.abi32  0xa000037c        0x0 build/default/production/_ext/1688732426/system_tasks.o
 .mdebug.abi32  0xa000037c        0x0 build/default/production/_ext/1688732426/rtos_hooks.o
 .mdebug.abi32  0xa000037c        0x0 c:/program files (x86)/microchip/xc32/v1.40/bin/bin/../../lib/gcc/pic32mx/4.8.3/../../../../pic32mx/lib\libpic32.a(default-bootstrap-exception-handler.o)
 .mdebug.abi32  0xa000037c        0x0 c:/program files (x86)/microchip/xc32/v1.40/bin/bin/../../lib/gcc/pic32mx/4.8.3/../../../../pic32mx/lib\libpic32.a(default-on-reset.o)
 .mdebug.abi32  0xa000037c        0x0 c:/program files (x86)/microchip/xc32/v1.40/bin/bin/../../lib/gcc/pic32mx/4.8.3/../../../../pic32mx/lib\libpic32.a(default-on-bootstrap.o)
 .mdebug.abi32  0xa000037c        0x0 c:/program files (x86)/microchip/xc32/v1.40/bin/bin/../../lib/gcc/pic32mx/4.8.3/../../../../pic32mx/lib\libpic32.a(defaultinterrupt.o)

.mdebug.abiN32
 *(.mdebug.abiN32)

.mdebug.abi64
 *(.mdebug.abi64)

.mdebug.abiO64
 *(.mdebug.abiO64)

.mdebug.eabi32
 *(.mdebug.eabi32)

.mdebug.eabi64
 *(.mdebug.eabi64)

.gcc_compiled_long32
 *(.gcc_compiled_long32)

.gcc_compiled_long64
 *(.gcc_compiled_long64)

.stab
 *(.stab)

.stabstr
 *(.stabstr)

.stab.excl
 *(.stab.excl)

.stab.exclstr
 *(.stab.exclstr)

.stab.index
 *(.stab.index)

.stab.indexstr
 *(.stab.indexstr)

.comment        0x00000000       0x6c
 *(.comment)
 .comment       0x00000000       0x3c build/default/production/_ext/1360937237/main.o
                                 0x3d (size before relaxing)
 .comment       0x00000000       0x3d build/default/production/_ext/1671032801/drv_usart.o
 .comment       0x00000000       0x3d build/default/production/_ext/1671032801/drv_usart_buffer_queue.o
 .comment       0x00000000       0x3d build/default/production/_ext/1671032801/drv_usart_read_write.o
 .comment       0x00000000       0x3d build/default/production/_ext/1545257954/osal_freertos.o
 .comment       0x00000000       0x3d build/default/production/_ext/555771708/sys_devcon.o
 .comment       0x00000000       0x3d build/default/production/_ext/555771708/sys_devcon_pic32mx.o
 .comment       0x00000000       0x3d build/default/production/_ext/1598942110/sys_int_pic32.o
 .comment       0x00000000       0x3d build/default/production/_ext/1106084987/sys_ports.o
 .comment       0x00000000       0x3d build/default/production/_ext/826578691/croutine.o
 .comment       0x00000000       0x3d build/default/production/_ext/826578691/list.o
 .comment       0x00000000       0x3d build/default/production/_ext/826578691/queue.o
 .comment       0x00000000       0x3d build/default/production/_ext/826578691/tasks.o
 .comment       0x00000000       0x3d build/default/production/_ext/826578691/timers.o
 .comment       0x00000000       0x3d build/default/production/_ext/826578691/event_groups.o
 .comment       0x00000000       0x3d build/default/production/_ext/371109952/heap_1.o
 .comment       0x00000000       0x3d build/default/production/_ext/359749587/port.o
 .comment       0x00000000       0x3d build/default/production/_ext/1360937237/app.o
 .comment       0x00000000       0x3d build/default/production/_ext/639803181/sys_clk_static.o
 .comment       0x00000000       0x3d build/default/production/_ext/822048611/sys_ports_static.o
 .comment       0x00000000       0x3d build/default/production/_ext/1688732426/system_init.o
 .comment       0x00000000       0x3d build/default/production/_ext/1688732426/system_interrupt.o
 .comment       0x00000000       0x3d build/default/production/_ext/1688732426/system_exceptions.o
 .comment       0x00000000       0x3d build/default/production/_ext/1688732426/system_tasks.o
 .comment       0x00000000       0x3d build/default/production/_ext/1688732426/rtos_hooks.o
 .comment       0x0000003c       0x18 c:/program files (x86)/microchip/xc32/v1.40/bin/bin/../../lib/gcc/pic32mx/4.8.3/../../../../pic32mx/lib\libpic32.a(memset.o)
                                 0x19 (size before relaxing)
 .comment       0x00000000       0x3d c:/program files (x86)/microchip/xc32/v1.40/bin/bin/../../lib/gcc/pic32mx/4.8.3/../../../../pic32mx/lib\libpic32.a(default-bootstrap-exception-handler.o)
 .comment       0x00000000       0x3d c:/program files (x86)/microchip/xc32/v1.40/bin/bin/../../lib/gcc/pic32mx/4.8.3/../../../../pic32mx/lib\libpic32.a(default-on-reset.o)
 .comment       0x00000000       0x3d c:/program files (x86)/microchip/xc32/v1.40/bin/bin/../../lib/gcc/pic32mx/4.8.3/../../../../pic32mx/lib\libpic32.a(default-on-bootstrap.o)
 .comment       0x00000054       0x18 c:/program files (x86)/microchip/xc32/v1.40/bin/bin/../../lib/gcc/pic32mx/4.8.3/../../../../pic32mx/lib\libpic32.a(memcmp.o)
                                 0x19 (size before relaxing)
 .comment       0x00000000       0x3d c:/program files (x86)/microchip/xc32/v1.40/bin/bin/../../lib/gcc/pic32mx/4.8.3/../../../../pic32mx/lib\libpic32.a(defaultinterrupt.o)

.debug
 *(.debug)

.line
 *(.line)

.debug_srcinfo
 *(.debug_srcinfo)

.debug_sfnames
 *(.debug_sfnames)

.debug_aranges  0x00000000      0x980
 *(.debug_aranges)
 .debug_aranges
                0x00000000       0x20 build/default/production/_ext/1360937237/main.o
 .debug_aranges
                0x00000020       0xa8 build/default/production/_ext/1671032801/drv_usart.o
 .debug_aranges
                0x000000c8       0x38 build/default/production/_ext/1671032801/drv_usart_buffer_queue.o
 .debug_aranges
                0x00000100       0x28 build/default/production/_ext/1671032801/drv_usart_read_write.o
 .debug_aranges
                0x00000128       0x88 build/default/production/_ext/1545257954/osal_freertos.o
 .debug_aranges
                0x000001b0       0x78 build/default/production/_ext/555771708/sys_devcon.o
 .debug_aranges
                0x00000228       0x20 build/default/production/_ext/555771708/sys_devcon_pic32mx.o
 .debug_aranges
                0x00000248       0x48 build/default/production/_ext/1598942110/sys_int_pic32.o
 .debug_aranges
                0x00000290       0xf8 build/default/production/_ext/1106084987/sys_ports.o
 .debug_aranges
                0x00000388       0x18 build/default/production/_ext/826578691/croutine.o
 .debug_aranges
                0x000003a0       0x40 build/default/production/_ext/826578691/list.o
 .debug_aranges
                0x000003e0       0xb8 build/default/production/_ext/826578691/queue.o
 .debug_aranges
                0x00000498      0x178 build/default/production/_ext/826578691/tasks.o
 .debug_aranges
                0x00000610       0x70 build/default/production/_ext/826578691/timers.o
 .debug_aranges
                0x00000680       0x60 build/default/production/_ext/826578691/event_groups.o
 .debug_aranges
                0x000006e0       0x38 build/default/production/_ext/371109952/heap_1.o
 .debug_aranges
                0x00000718       0x58 build/default/production/_ext/359749587/port.o
 .debug_aranges
                0x00000770       0x20 build/default/production/_ext/359749587/port_asm.o
 .debug_aranges
                0x00000790       0x38 build/default/production/_ext/1360937237/app.o
 .debug_aranges
                0x000007c8       0x38 build/default/production/_ext/639803181/sys_clk_static.o
 .debug_aranges
                0x00000800       0x20 build/default/production/_ext/822048611/sys_ports_static.o
 .debug_aranges
                0x00000820       0x20 build/default/production/_ext/1688732426/system_init.o
 .debug_aranges
                0x00000840       0x20 build/default/production/_ext/1688732426/system_interrupt.o
 .debug_aranges
                0x00000860       0x20 build/default/production/_ext/1688732426/system_exceptions.o
 .debug_aranges
                0x00000880       0x30 build/default/production/_ext/1688732426/system_tasks.o
 .debug_aranges
                0x000008b0       0x28 build/default/production/_ext/1688732426/system_interrupt_a.o
 .debug_aranges
                0x000008d8       0x28 build/default/production/_ext/1688732426/rtos_hooks.o
 .debug_aranges
                0x00000900       0x20 c:/program files (x86)/microchip/xc32/v1.40/bin/bin/../../lib/gcc/pic32mx/4.8.3/../../../../pic32mx/lib\libpic32.a(default-bootstrap-exception-handler.o)
 .debug_aranges
                0x00000920       0x20 c:/program files (x86)/microchip/xc32/v1.40/bin/bin/../../lib/gcc/pic32mx/4.8.3/../../../../pic32mx/lib\libpic32.a(default-on-reset.o)
 .debug_aranges
                0x00000940       0x20 c:/program files (x86)/microchip/xc32/v1.40/bin/bin/../../lib/gcc/pic32mx/4.8.3/../../../../pic32mx/lib\libpic32.a(default-on-bootstrap.o)
 .debug_aranges
                0x00000960       0x20 c:/program files (x86)/microchip/xc32/v1.40/bin/bin/../../lib/gcc/pic32mx/4.8.3/../../../../pic32mx/lib\libpic32.a(defaultinterrupt.o)

.debug_pubnames
 *(.debug_pubnames)

.debug_info     0x00000000    0x225f8
 *(.debug_info .gnu.linkonce.wi.*)
 .debug_info    0x00000000      0x1c1 build/default/production/_ext/1360937237/main.o
 .debug_info    0x000001c1     0x6338 build/default/production/_ext/1671032801/drv_usart.o
 .debug_info    0x000064f9     0x2637 build/default/production/_ext/1671032801/drv_usart_buffer_queue.o
 .debug_info    0x00008b30     0x2ca3 build/default/production/_ext/1671032801/drv_usart_read_write.o
 .debug_info    0x0000b7d3      0xacf build/default/production/_ext/1545257954/osal_freertos.o
 .debug_info    0x0000c2a2     0x10bd build/default/production/_ext/555771708/sys_devcon.o
 .debug_info    0x0000d35f      0xd94 build/default/production/_ext/555771708/sys_devcon_pic32mx.o
 .debug_info    0x0000e0f3     0x15fb build/default/production/_ext/1598942110/sys_int_pic32.o
 .debug_info    0x0000f6ee     0x327e build/default/production/_ext/1106084987/sys_ports.o
 .debug_info    0x0001296c      0x1b0 build/default/production/_ext/826578691/croutine.o
 .debug_info    0x00012b1c      0x4b4 build/default/production/_ext/826578691/list.o
 .debug_info    0x00012fd0     0x1865 build/default/production/_ext/826578691/queue.o
 .debug_info    0x00014835     0x29ed build/default/production/_ext/826578691/tasks.o
 .debug_info    0x00017222     0x1538 build/default/production/_ext/826578691/timers.o
 .debug_info    0x0001875a      0xd82 build/default/production/_ext/826578691/event_groups.o
 .debug_info    0x000194dc      0x3b4 build/default/production/_ext/371109952/heap_1.o
 .debug_info    0x00019890     0x11df build/default/production/_ext/359749587/port.o
 .debug_info    0x0001aa6f       0xfe build/default/production/_ext/359749587/port_asm.o
 .debug_info    0x0001ab6d     0x100e build/default/production/_ext/1360937237/app.o
 .debug_info    0x0001bb7b     0x113c build/default/production/_ext/639803181/sys_clk_static.o
 .debug_info    0x0001ccb7      0xcd5 build/default/production/_ext/822048611/sys_ports_static.o
 .debug_info    0x0001d98c     0x27c1 build/default/production/_ext/1688732426/system_init.o
 .debug_info    0x0002014d      0x8e2 build/default/production/_ext/1688732426/system_interrupt.o
 .debug_info    0x00020a2f      0xa14 build/default/production/_ext/1688732426/system_exceptions.o
 .debug_info    0x00021443      0xb5d build/default/production/_ext/1688732426/system_tasks.o
 .debug_info    0x00021fa0       0xb3 build/default/production/_ext/1688732426/system_interrupt_a.o
 .debug_info    0x00022053      0x269 build/default/production/_ext/1688732426/rtos_hooks.o
 .debug_info    0x000222bc       0xe3 c:/program files (x86)/microchip/xc32/v1.40/bin/bin/../../lib/gcc/pic32mx/4.8.3/../../../../pic32mx/lib\libpic32.a(default-bootstrap-exception-handler.o)
 .debug_info    0x0002239f       0xbd c:/program files (x86)/microchip/xc32/v1.40/bin/bin/../../lib/gcc/pic32mx/4.8.3/../../../../pic32mx/lib\libpic32.a(default-on-reset.o)
 .debug_info    0x0002245c       0xc5 c:/program files (x86)/microchip/xc32/v1.40/bin/bin/../../lib/gcc/pic32mx/4.8.3/../../../../pic32mx/lib\libpic32.a(default-on-bootstrap.o)
 .debug_info    0x00022521       0xd7 c:/program files (x86)/microchip/xc32/v1.40/bin/bin/../../lib/gcc/pic32mx/4.8.3/../../../../pic32mx/lib\libpic32.a(defaultinterrupt.o)

.debug_abbrev   0x00000000     0x31a9
 *(.debug_abbrev)
 .debug_abbrev  0x00000000       0x93 build/default/production/_ext/1360937237/main.o
 .debug_abbrev  0x00000093      0x40a build/default/production/_ext/1671032801/drv_usart.o
 .debug_abbrev  0x0000049d      0x35c build/default/production/_ext/1671032801/drv_usart_buffer_queue.o
 .debug_abbrev  0x000007f9      0x333 build/default/production/_ext/1671032801/drv_usart_read_write.o
 .debug_abbrev  0x00000b2c      0x1fe build/default/production/_ext/1545257954/osal_freertos.o
 .debug_abbrev  0x00000d2a      0x26d build/default/production/_ext/555771708/sys_devcon.o
 .debug_abbrev  0x00000f97      0x16d build/default/production/_ext/555771708/sys_devcon_pic32mx.o
 .debug_abbrev  0x00001104      0x1d0 build/default/production/_ext/1598942110/sys_int_pic32.o
 .debug_abbrev  0x000012d4      0x219 build/default/production/_ext/1106084987/sys_ports.o
 .debug_abbrev  0x000014ed       0x1b build/default/production/_ext/826578691/croutine.o
 .debug_abbrev  0x00001508       0xf1 build/default/production/_ext/826578691/list.o
 .debug_abbrev  0x000015f9      0x2c4 build/default/production/_ext/826578691/queue.o
 .debug_abbrev  0x000018bd      0x383 build/default/production/_ext/826578691/tasks.o
 .debug_abbrev  0x00001c40      0x337 build/default/production/_ext/826578691/timers.o
 .debug_abbrev  0x00001f77      0x29a build/default/production/_ext/826578691/event_groups.o
 .debug_abbrev  0x00002211      0x13f build/default/production/_ext/371109952/heap_1.o
 .debug_abbrev  0x00002350      0x2cf build/default/production/_ext/359749587/port.o
 .debug_abbrev  0x0000261f       0x14 build/default/production/_ext/359749587/port_asm.o
 .debug_abbrev  0x00002633      0x1a1 build/default/production/_ext/1360937237/app.o
 .debug_abbrev  0x000027d4      0x1f8 build/default/production/_ext/639803181/sys_clk_static.o
 .debug_abbrev  0x000029cc      0x12f build/default/production/_ext/822048611/sys_ports_static.o
 .debug_abbrev  0x00002afb      0x2bd build/default/production/_ext/1688732426/system_init.o
 .debug_abbrev  0x00002db8       0xc3 build/default/production/_ext/1688732426/system_interrupt.o
 .debug_abbrev  0x00002e7b       0x91 build/default/production/_ext/1688732426/system_exceptions.o
 .debug_abbrev  0x00002f0c      0x154 build/default/production/_ext/1688732426/system_tasks.o
 .debug_abbrev  0x00003060       0x12 build/default/production/_ext/1688732426/system_interrupt_a.o
 .debug_abbrev  0x00003072       0x97 build/default/production/_ext/1688732426/rtos_hooks.o
 .debug_abbrev  0x00003109       0x28 c:/program files (x86)/microchip/xc32/v1.40/bin/bin/../../lib/gcc/pic32mx/4.8.3/../../../../pic32mx/lib\libpic32.a(default-bootstrap-exception-handler.o)
 .debug_abbrev  0x00003131       0x28 c:/program files (x86)/microchip/xc32/v1.40/bin/bin/../../lib/gcc/pic32mx/4.8.3/../../../../pic32mx/lib\libpic32.a(default-on-reset.o)
 .debug_abbrev  0x00003159       0x28 c:/program files (x86)/microchip/xc32/v1.40/bin/bin/../../lib/gcc/pic32mx/4.8.3/../../../../pic32mx/lib\libpic32.a(default-on-bootstrap.o)
 .debug_abbrev  0x00003181       0x28 c:/program files (x86)/microchip/xc32/v1.40/bin/bin/../../lib/gcc/pic32mx/4.8.3/../../../../pic32mx/lib\libpic32.a(defaultinterrupt.o)

.debug_line     0x00000000     0x6dcd
 *(.debug_line)
 .debug_line    0x00000000       0xd4 build/default/production/_ext/1360937237/main.o
 .debug_line    0x000000d4     0x106b build/default/production/_ext/1671032801/drv_usart.o
 .debug_line    0x0000113f      0x6eb build/default/production/_ext/1671032801/drv_usart_buffer_queue.o
 .debug_line    0x0000182a      0x7fb build/default/production/_ext/1671032801/drv_usart_read_write.o
 .debug_line    0x00002025      0x2bb build/default/production/_ext/1545257954/osal_freertos.o
 .debug_line    0x000022e0      0x5c6 build/default/production/_ext/555771708/sys_devcon.o
 .debug_line    0x000028a6      0x471 build/default/production/_ext/555771708/sys_devcon_pic32mx.o
 .debug_line    0x00002d17      0x38c build/default/production/_ext/1598942110/sys_int_pic32.o
 .debug_line    0x000030a3      0x870 build/default/production/_ext/1106084987/sys_ports.o
 .debug_line    0x00003913       0x1d build/default/production/_ext/826578691/croutine.o
 .debug_line    0x00003930      0x1dc build/default/production/_ext/826578691/list.o
 .debug_line    0x00003b0c      0x4a2 build/default/production/_ext/826578691/queue.o
 .debug_line    0x00003fae      0x7f0 build/default/production/_ext/826578691/tasks.o
 .debug_line    0x0000479e      0x38d build/default/production/_ext/826578691/timers.o
 .debug_line    0x00004b2b      0x321 build/default/production/_ext/826578691/event_groups.o
 .debug_line    0x00004e4c      0x216 build/default/production/_ext/371109952/heap_1.o
 .debug_line    0x00005062      0x23a build/default/production/_ext/359749587/port.o
 .debug_line    0x0000529c      0x12c build/default/production/_ext/359749587/port_asm.o
 .debug_line    0x000053c8      0x2ef build/default/production/_ext/1360937237/app.o
 .debug_line    0x000056b7      0x394 build/default/production/_ext/639803181/sys_clk_static.o
 .debug_line    0x00005a4b      0x2f1 build/default/production/_ext/822048611/sys_ports_static.o
 .debug_line    0x00005d3c      0x5a8 build/default/production/_ext/1688732426/system_init.o
 .debug_line    0x000062e4      0x1f8 build/default/production/_ext/1688732426/system_interrupt.o
 .debug_line    0x000064dc      0x1a1 build/default/production/_ext/1688732426/system_exceptions.o
 .debug_line    0x0000667d      0x33d build/default/production/_ext/1688732426/system_tasks.o
 .debug_line    0x000069ba       0x7b build/default/production/_ext/1688732426/system_interrupt_a.o
 .debug_line    0x00006a35      0x15f build/default/production/_ext/1688732426/rtos_hooks.o
 .debug_line    0x00006b94       0x97 c:/program files (x86)/microchip/xc32/v1.40/bin/bin/../../lib/gcc/pic32mx/4.8.3/../../../../pic32mx/lib\libpic32.a(default-bootstrap-exception-handler.o)
 .debug_line    0x00006c2b       0x84 c:/program files (x86)/microchip/xc32/v1.40/bin/bin/../../lib/gcc/pic32mx/4.8.3/../../../../pic32mx/lib\libpic32.a(default-on-reset.o)
 .debug_line    0x00006caf       0x88 c:/program files (x86)/microchip/xc32/v1.40/bin/bin/../../lib/gcc/pic32mx/4.8.3/../../../../pic32mx/lib\libpic32.a(default-on-bootstrap.o)
 .debug_line    0x00006d37       0x96 c:/program files (x86)/microchip/xc32/v1.40/bin/bin/../../lib/gcc/pic32mx/4.8.3/../../../../pic32mx/lib\libpic32.a(defaultinterrupt.o)

.debug_frame    0x00000000     0x1458
 *(.debug_frame)
 .debug_frame   0x00000000       0x28 build/default/production/_ext/1360937237/main.o
 .debug_frame   0x00000028      0x1f0 build/default/production/_ext/1671032801/drv_usart.o
 .debug_frame   0x00000218       0x70 build/default/production/_ext/1671032801/drv_usart_buffer_queue.o
 .debug_frame   0x00000288       0x58 build/default/production/_ext/1671032801/drv_usart_read_write.o
 .debug_frame   0x000002e0      0x150 build/default/production/_ext/1545257954/osal_freertos.o
 .debug_frame   0x00000430       0xe8 build/default/production/_ext/555771708/sys_devcon.o
 .debug_frame   0x00000518       0x28 build/default/production/_ext/555771708/sys_devcon_pic32mx.o
 .debug_frame   0x00000540       0x90 build/default/production/_ext/1598942110/sys_int_pic32.o
 .debug_frame   0x000005d0      0x1d0 build/default/production/_ext/1106084987/sys_ports.o
 .debug_frame   0x000007a0       0x60 build/default/production/_ext/826578691/list.o
 .debug_frame   0x00000800      0x230 build/default/production/_ext/826578691/queue.o
 .debug_frame   0x00000a30      0x450 build/default/production/_ext/826578691/tasks.o
 .debug_frame   0x00000e80      0x134 build/default/production/_ext/826578691/timers.o
 .debug_frame   0x00000fb4      0x108 build/default/production/_ext/826578691/event_groups.o
 .debug_frame   0x000010bc       0x5c build/default/production/_ext/371109952/heap_1.o
 .debug_frame   0x00001118       0xc0 build/default/production/_ext/359749587/port.o
 .debug_frame   0x000011d8       0x6c build/default/production/_ext/1360937237/app.o
 .debug_frame   0x00001244       0x58 build/default/production/_ext/639803181/sys_clk_static.o
 .debug_frame   0x0000129c       0x20 build/default/production/_ext/822048611/sys_ports_static.o
 .debug_frame   0x000012bc       0x28 build/default/production/_ext/1688732426/system_init.o
 .debug_frame   0x000012e4       0x28 build/default/production/_ext/1688732426/system_interrupt.o
 .debug_frame   0x0000130c       0x28 build/default/production/_ext/1688732426/system_exceptions.o
 .debug_frame   0x00001334       0x58 build/default/production/_ext/1688732426/system_tasks.o
 .debug_frame   0x0000138c       0x40 build/default/production/_ext/1688732426/rtos_hooks.o
 .debug_frame   0x000013cc       0x2c c:/program files (x86)/microchip/xc32/v1.40/bin/bin/../../lib/gcc/pic32mx/4.8.3/../../../../pic32mx/lib\libpic32.a(default-bootstrap-exception-handler.o)
 .debug_frame   0x000013f8       0x20 c:/program files (x86)/microchip/xc32/v1.40/bin/bin/../../lib/gcc/pic32mx/4.8.3/../../../../pic32mx/lib\libpic32.a(default-on-reset.o)
 .debug_frame   0x00001418       0x20 c:/program files (x86)/microchip/xc32/v1.40/bin/bin/../../lib/gcc/pic32mx/4.8.3/../../../../pic32mx/lib\libpic32.a(default-on-bootstrap.o)
 .debug_frame   0x00001438       0x20 c:/program files (x86)/microchip/xc32/v1.40/bin/bin/../../lib/gcc/pic32mx/4.8.3/../../../../pic32mx/lib\libpic32.a(defaultinterrupt.o)

.debug_str      0x00000000      0x867
 *(.debug_str)
 .debug_str     0x00000000        0x0 build/default/production/_ext/1360937237/main.o
 .debug_str     0x00000000      0x167 build/default/production/_ext/1671032801/drv_usart.o
 .debug_str     0x00000167       0x74 build/default/production/_ext/1671032801/drv_usart_buffer_queue.o
 .debug_str     0x000001db       0x46 build/default/production/_ext/1671032801/drv_usart_read_write.o
 .debug_str     0x00000221       0x40 build/default/production/_ext/1545257954/osal_freertos.o
 .debug_str     0x00000261       0x16 build/default/production/_ext/555771708/sys_devcon.o
 .debug_str     0x00000277        0x6 build/default/production/_ext/555771708/sys_devcon_pic32mx.o
 .debug_str     0x0000027d       0x2d build/default/production/_ext/1598942110/sys_int_pic32.o
 .debug_str     0x000002aa       0x98 build/default/production/_ext/1106084987/sys_ports.o
 .debug_str     0x00000342        0x0 build/default/production/_ext/826578691/croutine.o
 .debug_str     0x00000342       0x2b build/default/production/_ext/826578691/list.o
 .debug_str     0x0000036d       0xf1 build/default/production/_ext/826578691/queue.o
 .debug_str     0x0000045e      0x174 build/default/production/_ext/826578691/tasks.o
 .debug_str     0x000005d2       0xbf build/default/production/_ext/826578691/timers.o
 .debug_str     0x00000691       0xe6 build/default/production/_ext/826578691/event_groups.o
 .debug_str     0x00000777       0x1d build/default/production/_ext/371109952/heap_1.o
 .debug_str     0x00000794       0x37 build/default/production/_ext/359749587/port.o
 .debug_str     0x000007cb       0x17 build/default/production/_ext/1360937237/app.o
 .debug_str     0x000007e2       0x39 build/default/production/_ext/639803181/sys_clk_static.o
 .debug_str     0x0000081b        0xd build/default/production/_ext/822048611/sys_ports_static.o
 .debug_str     0x00000828       0x36 build/default/production/_ext/1688732426/system_init.o
 .debug_str     0x0000085e        0x0 build/default/production/_ext/1688732426/system_interrupt.o
 .debug_str     0x0000085e        0x0 build/default/production/_ext/1688732426/system_exceptions.o
 .debug_str     0x0000085e        0x0 build/default/production/_ext/1688732426/system_tasks.o
 .debug_str     0x0000085e        0x9 build/default/production/_ext/1688732426/rtos_hooks.o
 .debug_str     0x00000867        0x0 c:/program files (x86)/microchip/xc32/v1.40/bin/bin/../../lib/gcc/pic32mx/4.8.3/../../../../pic32mx/lib\libpic32.a(default-bootstrap-exception-handler.o)
 .debug_str     0x00000867        0x0 c:/program files (x86)/microchip/xc32/v1.40/bin/bin/../../lib/gcc/pic32mx/4.8.3/../../../../pic32mx/lib\libpic32.a(default-on-reset.o)
 .debug_str     0x00000867        0x0 c:/program files (x86)/microchip/xc32/v1.40/bin/bin/../../lib/gcc/pic32mx/4.8.3/../../../../pic32mx/lib\libpic32.a(default-on-bootstrap.o)
 .debug_str     0x00000867        0x0 c:/program files (x86)/microchip/xc32/v1.40/bin/bin/../../lib/gcc/pic32mx/4.8.3/../../../../pic32mx/lib\libpic32.a(defaultinterrupt.o)

.debug_loc      0x00000000     0xa39a
 *(.debug_loc)
 .debug_loc     0x00000000     0x448e build/default/production/_ext/1671032801/drv_usart.o
 .debug_loc     0x0000448e      0x6a3 build/default/production/_ext/1671032801/drv_usart_buffer_queue.o
 .debug_loc     0x00004b31      0xe09 build/default/production/_ext/1671032801/drv_usart_read_write.o
 .debug_loc     0x0000593a      0x40c build/default/production/_ext/1545257954/osal_freertos.o
 .debug_loc     0x00005d46       0xf0 build/default/production/_ext/555771708/sys_devcon.o
 .debug_loc     0x00005e36       0xe0 build/default/production/_ext/555771708/sys_devcon_pic32mx.o
 .debug_loc     0x00005f16       0x8d build/default/production/_ext/1598942110/sys_int_pic32.o
 .debug_loc     0x00005fa3      0xee1 build/default/production/_ext/1106084987/sys_ports.o
 .debug_loc     0x00006e84       0x31 build/default/production/_ext/826578691/list.o
 .debug_loc     0x00006eb5      0xd35 build/default/production/_ext/826578691/queue.o
 .debug_loc     0x00007bea     0x14fa build/default/production/_ext/826578691/tasks.o
 .debug_loc     0x000090e4      0x7c0 build/default/production/_ext/826578691/timers.o
 .debug_loc     0x000098a4      0x8ea build/default/production/_ext/826578691/event_groups.o
 .debug_loc     0x0000a18e       0x49 build/default/production/_ext/371109952/heap_1.o
 .debug_loc     0x0000a1d7       0xea build/default/production/_ext/359749587/port.o
 .debug_loc     0x0000a2c1       0x63 build/default/production/_ext/1360937237/app.o
 .debug_loc     0x0000a324       0x21 build/default/production/_ext/639803181/sys_clk_static.o
 .debug_loc     0x0000a345       0x21 build/default/production/_ext/1688732426/system_init.o
 .debug_loc     0x0000a366       0x34 build/default/production/_ext/1688732426/rtos_hooks.o

.debug_macinfo
 *(.debug_macinfo)

.debug_weaknames
 *(.debug_weaknames)

.debug_funcnames
 *(.debug_funcnames)

.debug_typenames
 *(.debug_typenames)

.debug_varnames
 *(.debug_varnames)

.debug_pubtypes
 *(.debug_pubtypes)

.debug_ranges   0x00000000     0x15a8
 *(.debug_ranges)
 .debug_ranges  0x00000000       0x10 build/default/production/_ext/1360937237/main.o
 .debug_ranges  0x00000010      0x9a0 build/default/production/_ext/1671032801/drv_usart.o
 .debug_ranges  0x000009b0       0x60 build/default/production/_ext/1671032801/drv_usart_buffer_queue.o
 .debug_ranges  0x00000a10      0x3d0 build/default/production/_ext/1671032801/drv_usart_read_write.o
 .debug_ranges  0x00000de0       0x78 build/default/production/_ext/1545257954/osal_freertos.o
 .debug_ranges  0x00000e58       0x68 build/default/production/_ext/555771708/sys_devcon.o
 .debug_ranges  0x00000ec0       0x10 build/default/production/_ext/555771708/sys_devcon_pic32mx.o
 .debug_ranges  0x00000ed0       0x50 build/default/production/_ext/1598942110/sys_int_pic32.o
 .debug_ranges  0x00000f20       0xe8 build/default/production/_ext/1106084987/sys_ports.o
 .debug_ranges  0x00001008       0x30 build/default/production/_ext/826578691/list.o
 .debug_ranges  0x00001038       0xa8 build/default/production/_ext/826578691/queue.o
 .debug_ranges  0x000010e0      0x1b0 build/default/production/_ext/826578691/tasks.o
 .debug_ranges  0x00001290       0xe8 build/default/production/_ext/826578691/timers.o
 .debug_ranges  0x00001378       0x98 build/default/production/_ext/826578691/event_groups.o
 .debug_ranges  0x00001410       0x28 build/default/production/_ext/371109952/heap_1.o
 .debug_ranges  0x00001438       0x48 build/default/production/_ext/359749587/port.o
 .debug_ranges  0x00001480       0x28 build/default/production/_ext/1360937237/app.o
 .debug_ranges  0x000014a8       0x28 build/default/production/_ext/639803181/sys_clk_static.o
 .debug_ranges  0x000014d0       0x10 build/default/production/_ext/822048611/sys_ports_static.o
 .debug_ranges  0x000014e0       0x10 build/default/production/_ext/1688732426/system_init.o
 .debug_ranges  0x000014f0       0x10 build/default/production/_ext/1688732426/system_interrupt.o
 .debug_ranges  0x00001500       0x10 build/default/production/_ext/1688732426/system_exceptions.o
 .debug_ranges  0x00001510       0x20 build/default/production/_ext/1688732426/system_tasks.o
 .debug_ranges  0x00001530       0x20 build/default/production/_ext/1688732426/system_interrupt_a.o
 .debug_ranges  0x00001550       0x18 build/default/production/_ext/1688732426/rtos_hooks.o
 .debug_ranges  0x00001568       0x10 c:/program files (x86)/microchip/xc32/v1.40/bin/bin/../../lib/gcc/pic32mx/4.8.3/../../../../pic32mx/lib\libpic32.a(default-bootstrap-exception-handler.o)
 .debug_ranges  0x00001578       0x10 c:/program files (x86)/microchip/xc32/v1.40/bin/bin/../../lib/gcc/pic32mx/4.8.3/../../../../pic32mx/lib\libpic32.a(default-on-reset.o)
 .debug_ranges  0x00001588       0x10 c:/program files (x86)/microchip/xc32/v1.40/bin/bin/../../lib/gcc/pic32mx/4.8.3/../../../../pic32mx/lib\libpic32.a(default-on-bootstrap.o)
 .debug_ranges  0x00001598       0x10 c:/program files (x86)/microchip/xc32/v1.40/bin/bin/../../lib/gcc/pic32mx/4.8.3/../../../../pic32mx/lib\libpic32.a(defaultinterrupt.o)

.gnu.attributes
                0x00000000       0x10
 *(.gnu.attributes)
 .gnu.attributes
                0x00000000       0x10 build/default/production/_ext/1360937237/main.o
 .gnu.attributes
                0x00000010       0x10 build/default/production/_ext/1671032801/drv_usart.o
 .gnu.attributes
                0x00000020       0x10 build/default/production/_ext/1671032801/drv_usart_buffer_queue.o
 .gnu.attributes
                0x00000030       0x10 build/default/production/_ext/1671032801/drv_usart_read_write.o
 .gnu.attributes
                0x00000040       0x10 build/default/production/_ext/1545257954/osal_freertos.o
 .gnu.attributes
                0x00000050       0x10 build/default/production/_ext/555771708/sys_devcon.o
 .gnu.attributes
                0x00000060       0x10 build/default/production/_ext/555771708/sys_devcon_pic32mx.o
 .gnu.attributes
                0x00000070       0x10 build/default/production/_ext/1598942110/sys_int_pic32.o
 .gnu.attributes
                0x00000080       0x10 build/default/production/_ext/1106084987/sys_ports.o
 .gnu.attributes
                0x00000090       0x10 build/default/production/_ext/826578691/croutine.o
 .gnu.attributes
                0x000000a0       0x10 build/default/production/_ext/826578691/list.o
 .gnu.attributes
                0x000000b0       0x10 build/default/production/_ext/826578691/queue.o
 .gnu.attributes
                0x000000c0       0x10 build/default/production/_ext/826578691/tasks.o
 .gnu.attributes
                0x000000d0       0x10 build/default/production/_ext/826578691/timers.o
 .gnu.attributes
                0x000000e0       0x10 build/default/production/_ext/826578691/event_groups.o
 .gnu.attributes
                0x000000f0       0x10 build/default/production/_ext/371109952/heap_1.o
 .gnu.attributes
                0x00000100       0x10 build/default/production/_ext/359749587/port.o
 .gnu.attributes
                0x00000110       0x10 build/default/production/_ext/1360937237/app.o
 .gnu.attributes
                0x00000120       0x10 build/default/production/_ext/639803181/sys_clk_static.o
 .gnu.attributes
                0x00000130       0x10 build/default/production/_ext/822048611/sys_ports_static.o
 .gnu.attributes
                0x00000140       0x10 build/default/production/_ext/1688732426/system_init.o
 .gnu.attributes
                0x00000150       0x10 build/default/production/_ext/1688732426/system_interrupt.o
 .gnu.attributes
                0x00000160       0x10 build/default/production/_ext/1688732426/system_exceptions.o
 .gnu.attributes
                0x00000170       0x10 build/default/production/_ext/1688732426/system_tasks.o
 .gnu.attributes
                0x00000180       0x10 build/default/production/_ext/1688732426/rtos_hooks.o
 .gnu.attributes
                0x00000190       0x10 c:/program files (x86)/microchip/xc32/v1.40/bin/bin/../../lib/gcc/pic32mx/4.8.3/../../../../pic32mx/lib\libpic32.a(default-bootstrap-exception-handler.o)
 .gnu.attributes
                0x000001a0       0x10 c:/program files (x86)/microchip/xc32/v1.40/bin/bin/../../lib/gcc/pic32mx/4.8.3/../../../../pic32mx/lib\libpic32.a(default-on-reset.o)
 .gnu.attributes
                0x000001b0       0x10 c:/program files (x86)/microchip/xc32/v1.40/bin/bin/../../lib/gcc/pic32mx/4.8.3/../../../../pic32mx/lib\libpic32.a(default-on-bootstrap.o)
 .gnu.attributes
                0x000001c0       0x10 c:/program files (x86)/microchip/xc32/v1.40/bin/bin/../../lib/gcc/pic32mx/4.8.3/../../../../pic32mx/lib\libpic32.a(defaultinterrupt.o)
LOAD c:/program files (x86)/microchip/xc32/v1.40/bin/bin/../../lib/gcc/pic32mx/4.8.3\libgcc.a
START GROUP
LOAD c:/program files (x86)/microchip/xc32/v1.40/bin/bin/../../lib/gcc/pic32mx/4.8.3/../../../../pic32mx/lib\libpic32.a
LOAD c:/program files (x86)/microchip/xc32/v1.40/bin/bin/../../lib/gcc/pic32mx/4.8.3/../../../../pic32mx/lib\libdebug.a
LOAD c:/program files (x86)/microchip/xc32/v1.40/bin/bin/../../lib/gcc/pic32mx/4.8.3/../../../../pic32mx/lib\libpic32.a
LOAD c:/program files (x86)/microchip/xc32/v1.40/bin/bin/../../lib/gcc/pic32mx/4.8.3/../../../../pic32mx/lib\libm.a
LOAD c:/program files (x86)/microchip/xc32/v1.40/bin/bin/../../lib/gcc/pic32mx/4.8.3/../../../../pic32mx/lib\libe.a
LOAD c:/program files (x86)/microchip/xc32/v1.40/bin/bin/../../lib/gcc/pic32mx/4.8.3/../../../../pic32mx/lib\libdsp.a
LOAD c:/program files (x86)/microchip/xc32/v1.40/bin/bin/../../lib/gcc/pic32mx/4.8.3\libgcc.a
LOAD c:/program files (x86)/microchip/xc32/v1.40/bin/bin/../../lib/gcc/pic32mx/4.8.3/../../../../pic32mx/lib\libc.a
LOAD c:/program files (x86)/microchip/xc32/v1.40/bin/bin/../../lib/gcc/pic32mx/4.8.3/../../../../pic32mx/lib\libpic32.a
END GROUP
LOAD c:/program files (x86)/microchip/xc32/v1.40/bin/bin/../../lib/gcc/pic32mx/4.8.3\libgcc.a
OUTPUT(dist/default/production/Part1.X.production.elf elf32-tradlittlemips)
LOAD stack
LOAD data_init

.reginfo        0x00000000       0x18
 .reginfo       0x00000000       0x18 c:/program files (x86)/microchip/xc32/v1.40/bin/bin/../../lib/gcc/pic32mx/4.8.3/../../../../pic32mx/lib/./proc/32MX795F512L/crt0_mips32r2.o

.stack          0xa0003318      0x400
 .stack         0xa0003318      0x400 stack

.bss            0xa000037c     0x2f08
 .bss           0xa000037c     0x2800 build/default/production/_ext/371109952/heap_1.o
 .bss           0xa0002b7c      0x640 build/default/production/_ext/359749587/port.o
                0xa0002b7c                xISRStack
 .bss           0xa00031bc       0xc8 build/default/production/_ext/826578691/tasks.o

.data           0xa0003284       0x4c
 .data          0xa0003284       0x4c build/default/production/_ext/1688732426/system_exceptions.o

.bss            0xa00032d0       0x28
 .bss           0xa00032d0       0x28 build/default/production/_ext/826578691/timers.o

._debug_exception
                0xbfc00480       0x2c
 ._debug_exception
                0xbfc00480       0x2c c:/program files (x86)/microchip/xc32/v1.40/bin/bin/../../lib/gcc/pic32mx/4.8.3/../../../../pic32mx/lib\debug-exception-return.o
                0xbfc00480                __DbgExecReturn

.text._DRV_USART_HardwareSetup
                0x9d000000      0xa78
 .text._DRV_USART_HardwareSetup
                0x9d000000      0xa78 build/default/production/_ext/1671032801/drv_usart.o
                0x9d000000                _DRV_USART_HardwareSetup

.text           0x9d000a78      0x454
 .text          0x9d000a78      0x454 build/default/production/_ext/359749587/port_asm.o
                0x9d000a78                vPortTickInterruptHandler
                0x9d000c24                vPortStartFirstTask
                0x9d000cec                vPortYieldISR

.text.DRV_USART_Initialize
                0x9d000ecc      0x36c
 .text.DRV_USART_Initialize
                0x9d000ecc      0x36c build/default/production/_ext/1671032801/drv_usart.o
                0x9d000ecc                DRV_USART_Initialize

.text.DRV_USART_BufferAddWrite
                0x9d001238      0x348
 .text.DRV_USART_BufferAddWrite
                0x9d001238      0x348 build/default/production/_ext/1671032801/drv_usart_buffer_queue.o
                0x9d001238                DRV_USART_BufferAddWrite

.text.xTaskGenericCreate
                0x9d001580      0x2e0
 .text.xTaskGenericCreate
                0x9d001580      0x2e0 build/default/production/_ext/826578691/tasks.o
                0x9d001580                xTaskGenericCreate

.text.DRV_USART_BufferAddRead
                0x9d001860      0x278
 .text.DRV_USART_BufferAddRead
                0x9d001860      0x278 build/default/production/_ext/1671032801/drv_usart_buffer_queue.o
                0x9d001860                DRV_USART_BufferAddRead

.text._DRV_USART_BufferQueueTxTasks
                0x9d001ad8      0x270
 .text._DRV_USART_BufferQueueTxTasks
                0x9d001ad8      0x270 build/default/production/_ext/1671032801/drv_usart.o
                0x9d001ad8                _DRV_USART_BufferQueueTxTasks

.text.prvTimerTask
                0x9d001d48      0x264
 .text.prvTimerTask
                0x9d001d48      0x264 build/default/production/_ext/826578691/timers.o

.text._DRV_USART_BufferQueueRxTasks
                0x9d001fac      0x258
 .text._DRV_USART_BufferQueueRxTasks
                0x9d001fac      0x258 build/default/production/_ext/1671032801/drv_usart.o
                0x9d001fac                _DRV_USART_BufferQueueRxTasks

.text.xQueueGenericReceive
                0x9d002204      0x24c
 .text.xQueueGenericReceive
                0x9d002204      0x24c build/default/production/_ext/826578691/queue.o
                0x9d002204                xQueueGenericReceive

.text.xQueueGenericSend
                0x9d002450      0x208
 .text.xQueueGenericSend
                0x9d002450      0x208 build/default/production/_ext/826578691/queue.o
                0x9d002450                xQueueGenericSend

.text.DRV_USART_TasksError
                0x9d002658      0x1f4
 .text.DRV_USART_TasksError
                0x9d002658      0x1f4 build/default/production/_ext/1671032801/drv_usart.o
                0x9d002658                DRV_USART_TasksError

.DrvUsartInstance0_vector_text
                0x9d00284c      0x1b4
 .DrvUsartInstance0_vector_text
                0x9d00284c      0x1b4 build/default/production/_ext/1688732426/system_interrupt_a.o

.text.DRV_USART_Open
                0x9d002a00      0x184
 .text.DRV_USART_Open
                0x9d002a00      0x184 build/default/production/_ext/1671032801/drv_usart.o
                0x9d002a00                DRV_USART_Open

.text.xTaskIncrementTick
                0x9d002b84      0x168
 .text.xTaskIncrementTick
                0x9d002b84      0x168 build/default/production/_ext/826578691/tasks.o
                0x9d002b84                xTaskIncrementTick

.text           0x9d002cec      0x168
 .text          0x9d002cec      0x168 c:/program files (x86)/microchip/xc32/v1.40/bin/bin/../../lib/gcc/pic32mx/4.8.3/../../../../pic32mx/lib\libpic32.a(memcpy.o)
                0x9d002cec                memcpy

.text.xTaskResumeAll
                0x9d002e54      0x154
 .text.xTaskResumeAll
                0x9d002e54      0x154 build/default/production/_ext/826578691/tasks.o
                0x9d002e54                xTaskResumeAll

.text.vTaskPriorityInherit
                0x9d002fa8      0x12c
 .text.vTaskPriorityInherit
                0x9d002fa8      0x12c build/default/production/_ext/826578691/tasks.o
                0x9d002fa8                vTaskPriorityInherit

.dinit          0x9d0030d4      0x120
 .dinit         0x9d0030d4      0x120 data_init

.text.prvUnlockQueue
                0x9d0031f4      0x104
 .text.prvUnlockQueue
                0x9d0031f4      0x104 build/default/production/_ext/826578691/queue.o

.text.prvSampleTimeNow
                0x9d0032f8      0x104
 .text.prvSampleTimeNow
                0x9d0032f8      0x104 build/default/production/_ext/826578691/timers.o

.text.prvCopyDataToQueue
                0x9d0033fc       0xfc
 .text.prvCopyDataToQueue
                0x9d0033fc       0xfc build/default/production/_ext/826578691/queue.o

.text.xTaskPriorityDisinherit
                0x9d0034f8       0xf8
 .text.xTaskPriorityDisinherit
                0x9d0034f8       0xf8 build/default/production/_ext/826578691/tasks.o
                0x9d0034f8                xTaskPriorityDisinherit

.text.xQueueGenericSendFromISR
                0x9d0035f0       0xe8
 .text.xQueueGenericSendFromISR
                0x9d0035f0       0xe8 build/default/production/_ext/826578691/queue.o
                0x9d0035f0                xQueueGenericSendFromISR

.text.SYS_DEVCON_PerformanceConfig
                0x9d0036d8       0xdc
 .text.SYS_DEVCON_PerformanceConfig
                0x9d0036d8       0xdc build/default/production/_ext/555771708/sys_devcon_pic32mx.o
                0x9d0036d8                SYS_DEVCON_PerformanceConfig

.text.vTaskSwitchContext
                0x9d0037b4       0xdc
 .text.vTaskSwitchContext
                0x9d0037b4       0xdc build/default/production/_ext/826578691/tasks.o
                0x9d0037b4                vTaskSwitchContext

.rodata         0x9d003890       0xdc
 .rodata        0x9d003890       0xdc build/default/production/_ext/1688732426/system_exceptions.o

.text.general_exception
                0x9d00396c       0xdc
 .text.general_exception
                0x9d00396c       0xdc c:/program files (x86)/microchip/xc32/v1.40/bin/bin/../../lib/gcc/pic32mx/4.8.3/../../../../pic32mx/lib\libpic32.a(general-exception.o)
                0x9d00396c                _general_exception_context

.text.xQueueGenericReset
                0x9d003a48       0xc4
 .text.xQueueGenericReset
                0x9d003a48       0xc4 build/default/production/_ext/826578691/queue.o
                0x9d003a48                xQueueGenericReset

.text.xQueueGiveFromISR
                0x9d003b0c       0xc4
 .text.xQueueGiveFromISR
                0x9d003b0c       0xc4 build/default/production/_ext/826578691/queue.o
                0x9d003b0c                xQueueGiveFromISR

.text.xTaskRemoveFromEventList
                0x9d003bd0       0xbc
 .text.xTaskRemoveFromEventList
                0x9d003bd0       0xbc build/default/production/_ext/826578691/tasks.o
                0x9d003bd0                xTaskRemoveFromEventList

.text.pvPortMalloc
                0x9d003c8c       0xb8
 .text.pvPortMalloc
                0x9d003c8c       0xb8 build/default/production/_ext/371109952/heap_1.o
                0x9d003c8c                pvPortMalloc

.text.DRV_USART_TasksTransmit
                0x9d003d44       0xb4
 .text.DRV_USART_TasksTransmit
                0x9d003d44       0xb4 build/default/production/_ext/1671032801/drv_usart.o
                0x9d003d44                DRV_USART_TasksTransmit

.text.DRV_USART_TasksReceive
                0x9d003df8       0xb4
 .text.DRV_USART_TasksReceive
                0x9d003df8       0xb4 build/default/production/_ext/1671032801/drv_usart.o
                0x9d003df8                DRV_USART_TasksReceive

.text.prvIdleTask
                0x9d003eac       0xb4
 .text.prvIdleTask
                0x9d003eac       0xb4 build/default/production/_ext/826578691/tasks.o

.text.APP_BufferReadEventHandler
                0x9d003f60       0xa8
 .text.APP_BufferReadEventHandler
                0x9d003f60       0xa8 build/default/production/_ext/1360937237/app.o
                0x9d003f60                APP_BufferReadEventHandler

.text           0x9d004008       0xa8
 .text          0x9d004008       0xa8 c:/program files (x86)/microchip/xc32/v1.40/bin/bin/../../lib/gcc/pic32mx/4.8.3/../../../../pic32mx/lib\libpic32.a(memset.o)
                0x9d004008                memset

.text.xTaskCheckForTimeOut
                0x9d0040b0       0xa0
 .text.xTaskCheckForTimeOut
                0x9d0040b0       0xa0 build/default/production/_ext/826578691/tasks.o
                0x9d0040b0                xTaskCheckForTimeOut

.text.SYS_Initialize
                0x9d004150       0x9c
 .text.SYS_Initialize
                0x9d004150       0x9c build/default/production/_ext/1688732426/system_init.o
                0x9d004150                SYS_Initialize

.text           0x9d0041ec       0x98
 .text          0x9d0041ec       0x98 c:/program files (x86)/microchip/xc32/v1.40/bin/bin/../../lib/gcc/pic32mx/4.8.3/../../../../pic32mx/lib\libpic32.a(memcmp.o)
                0x9d0041ec                memcmp

.text.OSAL_SEM_Create
                0x9d004284       0x94
 .text.OSAL_SEM_Create
                0x9d004284       0x94 build/default/production/_ext/1545257954/osal_freertos.o
                0x9d004284                OSAL_SEM_Create

.text.xQueueGenericCreate
                0x9d004318       0x94
 .text.xQueueGenericCreate
                0x9d004318       0x94 build/default/production/_ext/826578691/queue.o
                0x9d004318                xQueueGenericCreate

.text.vTaskPlaceOnEventList
                0x9d0043ac       0x94
 .text.vTaskPlaceOnEventList
                0x9d0043ac       0x94 build/default/production/_ext/826578691/tasks.o
                0x9d0043ac                vTaskPlaceOnEventList

.text.xTimerGenericCommand
                0x9d004440       0x94
 .text.xTimerGenericCommand
                0x9d004440       0x94 build/default/production/_ext/826578691/timers.o
                0x9d004440                xTimerGenericCommand

.text.vTaskDelay
                0x9d0044d4       0x90
 .text.vTaskDelay
                0x9d0044d4       0x90 build/default/production/_ext/826578691/tasks.o
                0x9d0044d4                vTaskDelay

.text.vTaskStartScheduler
                0x9d004564       0x90
 .text.vTaskStartScheduler
                0x9d004564       0x90 build/default/production/_ext/826578691/tasks.o
                0x9d004564                vTaskStartScheduler

.text.xQueueCreateMutex
                0x9d0045f4       0x80
 .text.xQueueCreateMutex
                0x9d0045f4       0x80 build/default/production/_ext/826578691/queue.o
                0x9d0045f4                xQueueCreateMutex

.text.SYS_Tasks
                0x9d004674       0x80
 .text.SYS_Tasks
                0x9d004674       0x80 build/default/production/_ext/1688732426/system_tasks.o
                0x9d004674                SYS_Tasks

.text.APP_Tasks
                0x9d0046f4       0x78
 .text.APP_Tasks
                0x9d0046f4       0x78 build/default/production/_ext/1360937237/app.o
                0x9d0046f4                APP_Tasks

.text.vQueueWaitForMessageRestricted
                0x9d00476c       0x74
 .text.vQueueWaitForMessageRestricted
                0x9d00476c       0x74 build/default/production/_ext/826578691/queue.o
                0x9d00476c                vQueueWaitForMessageRestricted

.text.prvInsertTimerInActiveList
                0x9d0047e0       0x74
 .text.prvInsertTimerInActiveList
                0x9d0047e0       0x74 build/default/production/_ext/826578691/timers.o

.text.prvCheckForValidListAndQueue
                0x9d004854       0x74
 .text.prvCheckForValidListAndQueue
                0x9d004854       0x74 build/default/production/_ext/826578691/timers.o

.text.prvAddCurrentTaskToDelayedList
                0x9d0048c8       0x70
 .text.prvAddCurrentTaskToDelayedList
                0x9d0048c8       0x70 build/default/production/_ext/826578691/tasks.o

.text.vTaskPlaceOnEventListRestricted
                0x9d004938       0x6c
 .text.vTaskPlaceOnEventListRestricted
                0x9d004938       0x6c build/default/production/_ext/826578691/tasks.o
                0x9d004938                vTaskPlaceOnEventListRestricted

.text.vApplicationSetupTickTimerInterrupt
                0x9d0049a4       0x6c
 .text.vApplicationSetupTickTimerInterrupt
                0x9d0049a4       0x6c build/default/production/_ext/359749587/port.o
                0x9d0049a4                vApplicationSetupTickTimerInterrupt

.text.vTaskExitCritical
                0x9d004a10       0x68
 .text.vTaskExitCritical
                0x9d004a10       0x68 build/default/production/_ext/826578691/tasks.o
                0x9d004a10                vTaskExitCritical

.text.xTimerCreateTimerTask
                0x9d004a78       0x60
 .text.xTimerCreateTimerTask
                0x9d004a78       0x60 build/default/production/_ext/826578691/timers.o
                0x9d004a78                xTimerCreateTimerTask

.text.vListInsert
                0x9d004ad8       0x5c
 .text.vListInsert
                0x9d004ad8       0x5c build/default/production/_ext/826578691/list.o
                0x9d004ad8                vListInsert

.text.xPortStartScheduler
                0x9d004b34       0x5c
 .text.xPortStartScheduler
                0x9d004b34       0x5c build/default/production/_ext/359749587/port.o
                0x9d004b34                xPortStartScheduler

.text.SYS_DEVCON_SystemUnlock
                0x9d004b90       0x58
 .text.SYS_DEVCON_SystemUnlock
                0x9d004b90       0x58 build/default/production/_ext/555771708/sys_devcon.o
                0x9d004b90                SYS_DEVCON_SystemUnlock

.text.SYS_INT_SourceDisable
                0x9d004be8       0x58
 .text.SYS_INT_SourceDisable
                0x9d004be8       0x58 build/default/production/_ext/1598942110/sys_int_pic32.o
                0x9d004be8                SYS_INT_SourceDisable

.text.SYS_CLK_Initialize
                0x9d004c40       0x58
 .text.SYS_CLK_Initialize
                0x9d004c40       0x58 build/default/production/_ext/639803181/sys_clk_static.o
                0x9d004c40                SYS_CLK_Initialize

.text.main_entry
                0x9d004c98       0x54
 .text.main_entry
                0x9d004c98       0x54 c:/program files (x86)/microchip/xc32/v1.40/bin/bin/../../lib/gcc/pic32mx/4.8.3/../../../../pic32mx/lib/./proc/32MX795F512L/crt0_mips32r2.o
                0x9d004ccc                __crt0_exit

.text.pxPortInitialiseStack
                0x9d004cec       0x54
 .text.pxPortInitialiseStack
                0x9d004cec       0x54 build/default/production/_ext/359749587/port.o
                0x9d004cec                pxPortInitialiseStack

.text.vPortIncrementTick
                0x9d004d40       0x54
 .text.vPortIncrementTick
                0x9d004d40       0x54 build/default/production/_ext/359749587/port.o
                0x9d004d40                vPortIncrementTick

.text.prvCopyDataFromQueue
                0x9d004d94       0x50
 .text.prvCopyDataFromQueue
                0x9d004d94       0x50 build/default/production/_ext/826578691/queue.o

.text.vTaskEnterCritical
                0x9d004de4       0x50
 .text.vTaskEnterCritical
                0x9d004de4       0x50 build/default/production/_ext/826578691/tasks.o
                0x9d004de4                vTaskEnterCritical

.text.OSAL_SEM_PostISR
                0x9d004e34       0x4c
 .text.OSAL_SEM_PostISR
                0x9d004e34       0x4c build/default/production/_ext/1545257954/osal_freertos.o
                0x9d004e34                OSAL_SEM_PostISR

.rodata         0x9d004e80       0x4c
 .rodata        0x9d004e80       0x4c build/default/production/_ext/1688732426/system_init.o
                0x9d004e80                drvUsart0InitData
                0x9d004ec8                sysDevconInit

.text.SYS_DEVCON_SystemLock
                0x9d004ecc       0x48
 .text.SYS_DEVCON_SystemLock
                0x9d004ecc       0x48 build/default/production/_ext/555771708/sys_devcon.o
                0x9d004ecc                SYS_DEVCON_SystemLock

.text._bootstrap_exception_handler
                0x9d004f14       0x48
 .text._bootstrap_exception_handler
                0x9d004f14       0x48 c:/program files (x86)/microchip/xc32/v1.40/bin/bin/../../lib/gcc/pic32mx/4.8.3/../../../../pic32mx/lib\libpic32.a(default-bootstrap-exception-handler.o)
                0x9d004f14                _bootstrap_exception_handler

.vector_default
                0x9d004f5c       0x48
 .vector_default
                0x9d004f5c       0x48 c:/program files (x86)/microchip/xc32/v1.40/bin/bin/../../lib/gcc/pic32mx/4.8.3/../../../../pic32mx/lib\libpic32.a(defaultinterrupt.o)
                0x9d004f5c                _DefaultInterrupt

.text.OSAL_MUTEX_Lock
                0x9d004fa4       0x44
 .text.OSAL_MUTEX_Lock
                0x9d004fa4       0x44 build/default/production/_ext/1545257954/osal_freertos.o
                0x9d004fa4                OSAL_MUTEX_Lock

.text.uxListRemove
                0x9d004fe8       0x44
 .text.uxListRemove
                0x9d004fe8       0x44 build/default/production/_ext/826578691/list.o
                0x9d004fe8                uxListRemove

.text           0x9d00502c       0x44